Component: ARM Compiler 5.06 update 7 (build 960) Tool: armlink [4d3601]

==============================================================================

Section Cross References

    startup_stm32f103xg.o(RESET) refers to startup_stm32f103xg.o(STACK) for __initial_sp
    startup_stm32f103xg.o(RESET) refers to startup_stm32f103xg.o(.text) for Reset_Handler
    startup_stm32f103xg.o(RESET) refers to stm32f1xx_it.o(i.NMI_Handler) for NMI_Handler
    startup_stm32f103xg.o(RESET) refers to stm32f1xx_it.o(i.HardFault_Handler) for HardFault_Handler
    startup_stm32f103xg.o(RESET) refers to stm32f1xx_it.o(i.MemManage_Handler) for MemManage_Handler
    startup_stm32f103xg.o(RESET) refers to stm32f1xx_it.o(i.BusFault_Handler) for BusFault_Handler
    startup_stm32f103xg.o(RESET) refers to stm32f1xx_it.o(i.UsageFault_Handler) for UsageFault_Handler
    startup_stm32f103xg.o(RESET) refers to stm32f1xx_it.o(i.SVC_Handler) for SVC_Handler
    startup_stm32f103xg.o(RESET) refers to stm32f1xx_it.o(i.DebugMon_Handler) for DebugMon_Handler
    startup_stm32f103xg.o(RESET) refers to stm32f1xx_it.o(i.PendSV_Handler) for PendSV_Handler
    startup_stm32f103xg.o(RESET) refers to stm32f1xx_it.o(i.SysTick_Handler) for SysTick_Handler
    startup_stm32f103xg.o(RESET) refers to exti.o(i.EXTI0_IRQHandler) for EXTI0_IRQHandler
    startup_stm32f103xg.o(RESET) refers to stm32f1xx_it.o(i.TIM3_IRQHandler) for TIM3_IRQHandler
    startup_stm32f103xg.o(RESET) refers to stm32f1xx_it.o(i.USART1_IRQHandler) for USART1_IRQHandler
    startup_stm32f103xg.o(.text) refers to system_stm32f1xx.o(i.SystemInit) for SystemInit
    startup_stm32f103xg.o(.text) refers to entry.o(.ARM.Collect$$$$00000000) for __main
    stm32f1xx_hal.o(i.HAL_DeInit) refers to stm32f1xx_hal.o(i.HAL_MspDeInit) for HAL_MspDeInit
    stm32f1xx_hal.o(i.HAL_Delay) refers to stm32f1xx_hal.o(i.HAL_GetTick) for HAL_GetTick
    stm32f1xx_hal.o(i.HAL_GetTick) refers to stm32f1xx_hal.o(.data) for uwTick
    stm32f1xx_hal.o(i.HAL_IncTick) refers to stm32f1xx_hal.o(.data) for uwTick
    stm32f1xx_hal.o(i.HAL_Init) refers to stm32f1xx_hal_cortex.o(i.HAL_NVIC_SetPriorityGrouping) for HAL_NVIC_SetPriorityGrouping
    stm32f1xx_hal.o(i.HAL_Init) refers to stm32f1xx_hal.o(i.HAL_InitTick) for HAL_InitTick
    stm32f1xx_hal.o(i.HAL_Init) refers to stm32f1xx_hal_msp.o(i.HAL_MspInit) for HAL_MspInit
    stm32f1xx_hal.o(i.HAL_InitTick) refers to stm32f1xx_hal_rcc.o(i.HAL_RCC_GetHCLKFreq) for HAL_RCC_GetHCLKFreq
    stm32f1xx_hal.o(i.HAL_InitTick) refers to stm32f1xx_hal_cortex.o(i.HAL_SYSTICK_Config) for HAL_SYSTICK_Config
    stm32f1xx_hal.o(i.HAL_InitTick) refers to stm32f1xx_hal_cortex.o(i.HAL_NVIC_SetPriority) for HAL_NVIC_SetPriority
    stm32f1xx_hal_cortex.o(i.HAL_NVIC_GetPriorityGrouping) refers to stm32f1xx_hal_cortex.o(i.NVIC_GetPriorityGrouping) for NVIC_GetPriorityGrouping
    stm32f1xx_hal_cortex.o(i.HAL_NVIC_SetPriority) refers to stm32f1xx_hal_cortex.o(i.NVIC_GetPriorityGrouping) for NVIC_GetPriorityGrouping
    stm32f1xx_hal_cortex.o(i.HAL_NVIC_SetPriority) refers to stm32f1xx_hal_cortex.o(i.NVIC_SetPriority) for NVIC_SetPriority
    stm32f1xx_hal_cortex.o(i.HAL_SYSTICK_Config) refers to stm32f1xx_hal_cortex.o(i.NVIC_SetPriority) for NVIC_SetPriority
    stm32f1xx_hal_cortex.o(i.HAL_SYSTICK_IRQHandler) refers to irq_callback.o(i.HAL_SYSTICK_Callback) for HAL_SYSTICK_Callback
    stm32f1xx_hal_flash.o(i.FLASH_Program_HalfWord) refers to stm32f1xx_hal_flash.o(.bss) for pFlash
    stm32f1xx_hal_flash.o(i.FLASH_SetErrorCode) refers to stm32f1xx_hal_flash.o(.bss) for pFlash
    stm32f1xx_hal_flash.o(i.FLASH_WaitForLastOperation) refers to stm32f1xx_hal.o(i.HAL_GetTick) for HAL_GetTick
    stm32f1xx_hal_flash.o(i.FLASH_WaitForLastOperation) refers to stm32f1xx_hal_flash.o(i.FLASH_SetErrorCode) for FLASH_SetErrorCode
    stm32f1xx_hal_flash.o(i.HAL_FLASH_GetError) refers to stm32f1xx_hal_flash.o(.bss) for pFlash
    stm32f1xx_hal_flash.o(i.HAL_FLASH_IRQHandler) refers to stm32f1xx_hal_flash.o(i.FLASH_SetErrorCode) for FLASH_SetErrorCode
    stm32f1xx_hal_flash.o(i.HAL_FLASH_IRQHandler) refers to stm32f1xx_hal_flash.o(i.HAL_FLASH_OperationErrorCallback) for HAL_FLASH_OperationErrorCallback
    stm32f1xx_hal_flash.o(i.HAL_FLASH_IRQHandler) refers to stm32f1xx_hal_flash.o(i.HAL_FLASH_EndOfOperationCallback) for HAL_FLASH_EndOfOperationCallback
    stm32f1xx_hal_flash.o(i.HAL_FLASH_IRQHandler) refers to stm32f1xx_hal_flash_ex.o(i.FLASH_PageErase) for FLASH_PageErase
    stm32f1xx_hal_flash.o(i.HAL_FLASH_IRQHandler) refers to stm32f1xx_hal_flash.o(i.FLASH_Program_HalfWord) for FLASH_Program_HalfWord
    stm32f1xx_hal_flash.o(i.HAL_FLASH_IRQHandler) refers to stm32f1xx_hal_flash.o(.bss) for pFlash
    stm32f1xx_hal_flash.o(i.HAL_FLASH_OB_Launch) refers to stm32f1xx_hal_cortex.o(i.HAL_NVIC_SystemReset) for HAL_NVIC_SystemReset
    stm32f1xx_hal_flash.o(i.HAL_FLASH_Program) refers to stm32f1xx_hal_flash.o(i.FLASH_WaitForLastOperation) for FLASH_WaitForLastOperation
[...]
    Removing stm32f1xx_hal_tim.o(i.HAL_TIM_PWM_ConfigChannel), (264 bytes).
    Removing stm32f1xx_hal_tim.o(i.HAL_TIM_PWM_DeInit), (70 bytes).
    Removing stm32f1xx_hal_tim.o(i.HAL_TIM_PWM_GetState), (8 bytes).
    Removing stm32f1xx_hal_tim.o(i.HAL_TIM_PWM_Init), (52 bytes).
    Removing stm32f1xx_hal_tim.o(i.HAL_TIM_PWM_MspDeInit), (2 bytes).
    Removing stm32f1xx_hal_tim.o(i.HAL_TIM_PWM_MspInit), (2 bytes).
    Removing stm32f1xx_hal_tim.o(i.HAL_TIM_PWM_Start), (64 bytes).
    Removing stm32f1xx_hal_tim.o(i.HAL_TIM_PWM_Start_DMA), (300 bytes).
    Removing stm32f1xx_hal_tim.o(i.HAL_TIM_PWM_Start_IT), (140 bytes).
    Removing stm32f1xx_hal_tim.o(i.HAL_TIM_PWM_Stop), (124 bytes).
    Removing stm32f1xx_hal_tim.o(i.HAL_TIM_PWM_Stop_DMA), (200 bytes).
    Removing stm32f1xx_hal_tim.o(i.HAL_TIM_PWM_Stop_IT), (192 bytes).
    Removing stm32f1xx_hal_tim.o(i.HAL_TIM_PeriodElapsedCallback), (2 bytes).
    Removing stm32f1xx_hal_tim.o(i.HAL_TIM_ReadCapturedValue), (84 bytes).
    Removing stm32f1xx_hal_tim.o(i.HAL_TIM_SlaveConfigSynchronization), (86 bytes).
    Removing stm32f1xx_hal_tim.o(i.HAL_TIM_SlaveConfigSynchronization_IT), (86 bytes).
    Removing stm32f1xx_hal_tim.o(i.TIM_CCxChannelCmd), (28 bytes).
    Removing stm32f1xx_hal_tim.o(i.TIM_DMACaptureCplt), (70 bytes).
    Removing stm32f1xx_hal_tim.o(i.TIM_DMADelayPulseCplt), (70 bytes).
    Removing stm32f1xx_hal_tim.o(i.TIM_DMAError), (20 bytes).
    Removing stm32f1xx_hal_tim.o(i.TIM_DMAPeriodElapsedCplt), (20 bytes).
    Removing stm32f1xx_hal_tim.o(i.TIM_DMATriggerCplt), (20 bytes).
    Removing stm32f1xx_hal_tim.o(i.TIM_OC1_SetConfig), (100 bytes).
    Removing stm32f1xx_hal_tim.o(i.TIM_OC2_SetConfig), (112 bytes).
    Removing stm32f1xx_hal_tim.o(i.TIM_OC3_SetConfig), (108 bytes).
    Removing stm32f1xx_hal_tim.o(i.TIM_OC4_SetConfig), (80 bytes).
    Removing stm32f1xx_hal_tim.o(i.TIM_SlaveTimer_SetConfig), (164 bytes).
    Removing stm32f1xx_hal_tim.o(i.TIM_TI1_SetConfig), (108 bytes).
    Removing stm32f1xx_hal_tim.o(i.TIM_TI2_SetConfig), (62 bytes).
    Removing stm32f1xx_hal_tim.o(i.TIM_TI3_SetConfig), (60 bytes).
    Removing stm32f1xx_hal_tim.o(i.TIM_TI4_SetConfig), (64 bytes).
    Removing stm32f1xx_hal_tim_ex.o(.rev16_text), (4 bytes).
    Removing stm32f1xx_hal_tim_ex.o(.revsh_text), (4 bytes).
    Removing stm32f1xx_hal_tim_ex.o(.rrx_text), (6 bytes).
    Removing stm32f1xx_hal_tim_ex.o(i.HAL_TIMEx_ConfigBreakDeadTime), (80 bytes).
    Removing stm32f1xx_hal_tim_ex.o(i.HAL_TIMEx_ConfigCommutationEvent), (110 bytes).
    Removing stm32f1xx_hal_tim_ex.o(i.HAL_TIMEx_ConfigCommutationEvent_DMA), (144 bytes).
    Removing stm32f1xx_hal_tim_ex.o(i.HAL_TIMEx_ConfigCommutationEvent_IT), (122 bytes).
    Removing stm32f1xx_hal_tim_ex.o(i.HAL_TIMEx_HallSensor_DeInit), (70 bytes).
    Removing stm32f1xx_hal_tim_ex.o(i.HAL_TIMEx_HallSensor_GetState), (8 bytes).
    Removing stm32f1xx_hal_tim_ex.o(i.HAL_TIMEx_HallSensor_Init), (208 bytes).
    Removing stm32f1xx_hal_tim_ex.o(i.HAL_TIMEx_HallSensor_MspDeInit), (2 bytes).
    Removing stm32f1xx_hal_tim_ex.o(i.HAL_TIMEx_HallSensor_MspInit), (2 bytes).
    Removing stm32f1xx_hal_tim_ex.o(i.HAL_TIMEx_HallSensor_Start), (30 bytes).
    Removing stm32f1xx_hal_tim_ex.o(i.HAL_TIMEx_HallSensor_Start_DMA), (116 bytes).
    Removing stm32f1xx_hal_tim_ex.o(i.HAL_TIMEx_HallSensor_Start_IT), (42 bytes).
    Removing stm32f1xx_hal_tim_ex.o(i.HAL_TIMEx_HallSensor_Stop), (56 bytes).
    Removing stm32f1xx_hal_tim_ex.o(i.HAL_TIMEx_HallSensor_Stop_DMA), (68 bytes).
    Removing stm32f1xx_hal_tim_ex.o(i.HAL_TIMEx_HallSensor_Stop_IT), (68 bytes).
    Removing stm32f1xx_hal_tim_ex.o(i.HAL_TIMEx_OCN_Start), (44 bytes).
    Removing stm32f1xx_hal_tim_ex.o(i.HAL_TIMEx_OCN_Start_DMA), (280 bytes).
    Removing stm32f1xx_hal_tim_ex.o(i.HAL_TIMEx_OCN_Start_IT), (132 bytes).
    Removing stm32f1xx_hal_tim_ex.o(i.HAL_TIMEx_OCN_Stop), (96 bytes).
    Removing stm32f1xx_hal_tim_ex.o(i.HAL_TIMEx_OCN_Stop_DMA), (178 bytes).
    Removing stm32f1xx_hal_tim_ex.o(i.HAL_TIMEx_OCN_Stop_IT), (198 bytes).
    Removing stm32f1xx_hal_tim_ex.o(i.HAL_TIMEx_OnePulseN_Start), (32 bytes).
    Removing stm32f1xx_hal_tim_ex.o(i.HAL_TIMEx_OnePulseN_Start_IT), (56 bytes).
    Removing stm32f1xx_hal_tim_ex.o(i.HAL_TIMEx_OnePulseN_Stop), (96 bytes).
    Removing stm32f1xx_hal_tim_ex.o(i.HAL_TIMEx_OnePulseN_Stop_IT), (120 bytes).
    Removing stm32f1xx_hal_tim_ex.o(i.HAL_TIMEx_PWMN_Start), (44 bytes).
    Removing stm32f1xx_hal_tim_ex.o(i.HAL_TIMEx_PWMN_Start_DMA), (280 bytes).
    Removing stm32f1xx_hal_tim_ex.o(i.HAL_TIMEx_PWMN_Start_IT), (132 bytes).
    Removing stm32f1xx_hal_tim_ex.o(i.HAL_TIMEx_PWMN_Stop), (96 bytes).
    Removing stm32f1xx_hal_tim_ex.o(i.HAL_TIMEx_PWMN_Stop_DMA), (178 bytes).
    Removing stm32f1xx_hal_tim_ex.o(i.HAL_TIMEx_PWMN_Stop_IT), (198 bytes).
    Removing stm32f1xx_hal_tim_ex.o(i.TIMEx_DMACommutationCplt), (20 bytes).
    Removing stm32f1xx_hal_tim_ex.o(i.TIM_CCxNChannelCmd), (28 bytes).
    Removing exti.o(.rev16_text), (4 bytes).
    Removing exti.o(.revsh_text), (4 bytes).
    Removing exti.o(.rrx_text), (6 bytes).
    Removing exti.o(i.EXTIx_Init), (476 bytes).
    Removing exti.o(.data), (1 bytes).
    Removing bsp.o(.rev16_text), (4 bytes).
    Removing bsp.o(.revsh_text), (4 bytes).
    Removing bsp.o(.rrx_text), (6 bytes).
    Removing gpio.o(.rev16_text), (4 bytes).
    Removing gpio.o(.revsh_text), (4 bytes).
    Removing gpio.o(.rrx_text), (6 bytes).
    Removing irq_callback.o(.rev16_text), (4 bytes).
    Removing irq_callback.o(.revsh_text), (4 bytes).
    Removing irq_callback.o(.rrx_text), (6 bytes).
    Removing tim.o(.rev16_text), (4 bytes).
    Removing tim.o(.revsh_text), (4 bytes).
    Removing tim.o(.rrx_text), (6 bytes).
    Removing tim.o(i.HAL_TIM_Base_MspDeInit), (40 bytes).
    Removing usart.o(.rev16_text), (4 bytes).
    Removing usart.o(.revsh_text), (4 bytes).
    Removing usart.o(.rrx_text), (6 bytes).
    Removing usart.o(i.HAL_UART_MspDeInit), (56 bytes).
    Removing sys.o(.rev16_text), (4 bytes).
    Removing sys.o(.revsh_text), (4 bytes).
    Removing sys.o(.rrx_text), (6 bytes).
    Removing sys.o(i.GPIO_Set), (200 bytes).
    Removing sys.o(i.delay_us), (22 bytes).
    Removing sys.o(i.digitalRead), (36 bytes).
    Removing sys.o(i.micros), (82 bytes).
    Removing mbascii.o(.rev16_text), (4 bytes).
    Removing mbascii.o(.revsh_text), (4 bytes).
    Removing mbascii.o(.rrx_text), (6 bytes).
    Removing mbfunccoils.o(.rev16_text), (4 bytes).
    Removing mbfunccoils.o(.revsh_text), (4 bytes).
    Removing mbfunccoils.o(.rrx_text), (6 bytes).
    Removing mbfunccoils_m.o(.rev16_text), (4 bytes).
    Removing mbfunccoils_m.o(.revsh_text), (4 bytes).
    Removing mbfunccoils_m.o(.rrx_text), (6 bytes).
    Removing mbfuncdisc.o(.rev16_text), (4 bytes).
    Removing mbfuncdisc.o(.revsh_text), (4 bytes).
    Removing mbfuncdisc.o(.rrx_text), (6 bytes).
    Removing mbfuncdisc_m.o(.rev16_text), (4 bytes).
    Removing mbfuncdisc_m.o(.revsh_text), (4 bytes).
    Removing mbfuncdisc_m.o(.rrx_text), (6 bytes).
    Removing mbfuncholding.o(.rev16_text), (4 bytes).
    Removing mbfuncholding.o(.revsh_text), (4 bytes).
    Removing mbfuncholding.o(.rrx_text), (6 bytes).
    Removing mbfuncholding_m.o(.rev16_text), (4 bytes).
    Removing mbfuncholding_m.o(.revsh_text), (4 bytes).
    Removing mbfuncholding_m.o(.rrx_text), (6 bytes).
    Removing mbfuncinput.o(.rev16_text), (4 bytes).
    Removing mbfuncinput.o(.revsh_text), (4 bytes).
    Removing mbfuncinput.o(.rrx_text), (6 bytes).
    Removing mbfuncinput_m.o(.rev16_text), (4 bytes).
    Removing mbfuncinput_m.o(.revsh_text), (4 bytes).
    Removing mbfuncinput_m.o(.rrx_text), (6 bytes).
    Removing mbfuncother.o(.rev16_text), (4 bytes).
    Removing mbfuncother.o(.revsh_text), (4 bytes).
    Removing mbfuncother.o(.rrx_text), (6 bytes).
    Removing mbfuncother.o(i.eMBSetSlaveID), (120 bytes).
    Removing mbutils.o(.rev16_text), (4 bytes).
    Removing mbutils.o(.revsh_text), (4 bytes).
    Removing mbutils.o(.rrx_text), (6 bytes).
    Removing mbcrc.o(.rev16_text), (4 bytes).
    Removing mbcrc.o(.revsh_text), (4 bytes).
    Removing mbcrc.o(.rrx_text), (6 bytes).
    Removing mbrtu.o(.rev16_text), (4 bytes).
    Removing mbrtu.o(.revsh_text), (4 bytes).
    Removing mbrtu.o(.rrx_text), (6 bytes).
    Removing mbrtu_m.o(.rev16_text), (4 bytes).
    Removing mbrtu_m.o(.revsh_text), (4 bytes).
    Removing mbrtu_m.o(.rrx_text), (6 bytes).
    Removing mb.o(.rev16_text), (4 bytes).
    Removing mb.o(.revsh_text), (4 bytes).
    Removing mb.o(.rrx_text), (6 bytes).
    Removing mb.o(i.eMBClose), (40 bytes).
    Removing mb.o(i.eMBDisable), (52 bytes).
    Removing mb.o(i.eMBRegisterCB), (144 bytes).
    Removing mb_m.o(.rev16_text), (4 bytes).
    Removing mb_m.o(.revsh_text), (4 bytes).
    Removing mb_m.o(.rrx_text), (6 bytes).
    Removing user_mb_app.o(.rev16_text), (4 bytes).
    Removing user_mb_app.o(.revsh_text), (4 bytes).
    Removing user_mb_app.o(.rrx_text), (6 bytes).
    Removing user_mb_app_ex.o(.rev16_text), (4 bytes).
    Removing user_mb_app_ex.o(.revsh_text), (4 bytes).
    Removing user_mb_app_ex.o(.rrx_text), (6 bytes).
    Removing user_mb_app_ex.o(i.S_MBGetCoil), (72 bytes).
    Removing user_mb_app_ex.o(i.S_MBGetData16Bits), (100 bytes).
    Removing user_mb_app_ex.o(i.S_MBGetData32Bits), (132 bytes).
    Removing user_mb_app_ex.o(i.S_MBGetDescretesInputbit), (72 bytes).
    Removing user_mb_app_ex.o(i.S_MBGetFloatData), (304 bytes).
    Removing user_mb_app_ex.o(i.S_MBSetCoil), (96 bytes).
    Removing user_mb_app_ex.o(i.S_MBSetData16Bits), (96 bytes).
    Removing user_mb_app_ex.o(i.S_MBSetData32Bits), (120 bytes).
    Removing user_mb_app_ex.o(i.S_MBSetDescretesInputbit), (96 bytes).
    Removing user_mb_app_ex.o(i.S_MBSetFloatData), (144 bytes).
    Removing user_mb_app_m.o(.rev16_text), (4 bytes).
    Removing user_mb_app_m.o(.revsh_text), (4 bytes).
    Removing user_mb_app_m.o(.rrx_text), (6 bytes).
    Removing port.o(.rev16_text), (4 bytes).
    Removing port.o(.revsh_text), (4 bytes).
    Removing port.o(.rrx_text), (6 bytes).
    Removing portevent.o(.rev16_text), (4 bytes).
    Removing portevent.o(.revsh_text), (4 bytes).
    Removing portevent.o(.rrx_text), (6 bytes).
    Removing portevent_m.o(.rev16_text), (4 bytes).
    Removing portevent_m.o(.revsh_text), (4 bytes).
    Removing portevent_m.o(.rrx_text), (6 bytes).
    Removing portserial.o(.rev16_text), (4 bytes).
    Removing portserial.o(.revsh_text), (4 bytes).
    Removing portserial.o(.rrx_text), (6 bytes).
    Removing portserial_m.o(.rev16_text), (4 bytes).
    Removing portserial_m.o(.revsh_text), (4 bytes).
    Removing portserial_m.o(.rrx_text), (6 bytes).
    Removing porttimer.o(.rev16_text), (4 bytes).
    Removing porttimer.o(.revsh_text), (4 bytes).
    Removing porttimer.o(.rrx_text), (6 bytes).
    Removing porttimer_m.o(.rev16_text), (4 bytes).
    Removing porttimer_m.o(.revsh_text), (4 bytes).
    Removing porttimer_m.o(.rrx_text), (6 bytes).
    Removing main.o(.rev16_text), (4 bytes).
    Removing main.o(.revsh_text), (4 bytes).
    Removing main.o(.rrx_text), (6 bytes).
    Removing main.o(i.fputc), (40 bytes).
    Removing main.o(.data), (12 bytes).
    Removing stm32f1xx_hal_msp.o(.rev16_text), (4 bytes).
    Removing stm32f1xx_hal_msp.o(.revsh_text), (4 bytes).
    Removing stm32f1xx_hal_msp.o(.rrx_text), (6 bytes).
    Removing stm32f1xx_it.o(.rev16_text), (4 bytes).
    Removing stm32f1xx_it.o(.revsh_text), (4 bytes).
    Removing stm32f1xx_it.o(.rrx_text), (6 bytes).
    Removing system_stm32f1xx.o(.rev16_text), (4 bytes).
    Removing system_stm32f1xx.o(.revsh_text), (4 bytes).
    Removing system_stm32f1xx.o(.rrx_text), (6 bytes).
    Removing system_stm32f1xx.o(i.SystemCoreClockUpdate), (164 bytes).
    Removing system_stm32f1xx.o(.constdata), (16 bytes).
    Removing cfcmple.o(.text), (20 bytes).
    Removing cfrcmple.o(.text), (20 bytes).

426 unused section(s) (total 25977 bytes) removed from the image.

==============================================================================

Image Symbol Table

    Local Symbols

    Symbol Name                              Value     Ov Type        Size  Object(Section)

    ../clib/microlib/init/entry.s            0x00000000   Number         0  entry2.o ABSOLUTE
    ../clib/microlib/init/entry.s            0x00000000   Number         0  entry12a.o ABSOLUTE
    ../clib/microlib/init/entry.s            0x00000000   Number         0  entry11b.o ABSOLUTE
    ../clib/microlib/init/entry.s            0x00000000   Number         0  entry8a.o ABSOLUTE
    ../clib/microlib/init/entry.s            0x00000000   Number         0  entry11a.o ABSOLUTE
    ../clib/microlib/init/entry.s            0x00000000   Number         0  entry.o ABSOLUTE
    ../clib/microlib/init/entry.s            0x00000000   Number         0  entry7b.o ABSOLUTE
    ../clib/microlib/init/entry.s            0x00000000   Number         0  entry7a.o ABSOLUTE
    ../clib/microlib/init/entry.s            0x00000000   Number         0  entry5.o ABSOLUTE
    ../clib/microlib/init/entry.s            0x00000000   Number         0  entry10b.o ABSOLUTE
    ../clib/microlib/init/entry.s            0x00000000   Number         0  entry10a.o ABSOLUTE
    ../clib/microlib/init/entry.s            0x00000000   Number         0  entry9b.o ABSOLUTE
    ../clib/microlib/init/entry.s            0x00000000   Number         0  entry9a.o ABSOLUTE
    ../clib/microlib/init/entry.s            0x00000000   Number         0  entry8b.o ABSOLUTE
    ../clib/microlib/init/entry.s            0x00000000   Number         0  entry12b.o ABSOLUTE
    ../clib/microlib/longlong.c              0x00000000   Number         0  llushr.o ABSOLUTE
    ../clib/microlib/string/memcpy.c         0x00000000   Number         0  memcpyb.o ABSOLUTE
    ../clib/microlib/string/memcpy.c         0x00000000   Number         0  memcpya.o ABSOLUTE
    ../clib/microlib/stubs.s                 0x00000000   Number         0  iusefp.o ABSOLUTE
    ../mathlib/fpclassifyf.c                 0x00000000   Number         0  fpclassifyf.o ABSOLUTE
    ..\Drivers\CMSIS\Device\ST\STM32F1xx\Source\Templates\arm\startup_stm32f103xg.s 0x00000000   Number         0  startup_stm32f103xg.o ABSOLUTE
    ..\Drivers\STM32F1xx_HAL_Driver\Src\stm32f1xx_hal.c 0x00000000   Number         0  stm32f1xx_hal.o ABSOLUTE
    ..\Drivers\STM32F1xx_HAL_Driver\Src\stm32f1xx_hal_cortex.c 0x00000000   Number         0  stm32f1xx_hal_cortex.o ABSOLUTE
    ..\Drivers\STM32F1xx_HAL_Driver\Src\stm32f1xx_hal_dma.c 0x00000000   Number         0  stm32f1xx_hal_dma.o ABSOLUTE
    ..\Drivers\STM32F1xx_HAL_Driver\Src\stm32f1xx_hal_flash.c 0x00000000   Number         0  stm32f1xx_hal_flash.o ABSOLUTE
    ..\Drivers\STM32F1xx_HAL_Driver\Src\stm32f1xx_hal_flash_ex.c 0x00000000   Number         0  stm32f1xx_hal_flash_ex.o ABSOLUTE
    ..\Drivers\STM32F1xx_HAL_Driver\Src\stm32f1xx_hal_gpio.c 0x00000000   Number         0  stm32f1xx_hal_gpio.o ABSOLUTE
    ..\Drivers\STM32F1xx_HAL_Driver\Src\stm32f1xx_hal_pwr.c 0x00000000   Number         0  stm32f1xx_hal_pwr.o ABSOLUTE
    ..\Drivers\STM32F1xx_HAL_Driver\Src\stm32f1xx_hal_rcc.c 0x00000000   Number         0  stm32f1xx_hal_rcc.o ABSOLUTE
    ..\Drivers\STM32F1xx_HAL_Driver\Src\stm32f1xx_hal_rcc_ex.c 0x00000000   Number         0  stm32f1xx_hal_rcc_ex.o ABSOLUTE
    ..\Drivers\STM32F1xx_HAL_Driver\Src\stm32f1xx_hal_tim.c 0x00000000   Number         0  stm32f1xx_hal_tim.o ABSOLUTE
    ..\Drivers\STM32F1xx_HAL_Driver\Src\stm32f1xx_hal_tim_ex.c 0x00000000   Number         0  stm32f1xx_hal_tim_ex.o ABSOLUTE
    ..\Drivers\STM32F1xx_HAL_Driver\Src\stm32f1xx_hal_uart.c 0x00000000   Number         0  stm32f1xx_hal_uart.o ABSOLUTE
    ..\HARDWARE\EXTI\exti.c                  0x00000000   Number         0  exti.o ABSOLUTE
    ..\HARDWARE\FreeModbus\modbus\ascii\mbascii.c 0x00000000   Number         0  mbascii.o ABSOLUTE
    ..\HARDWARE\FreeModbus\modbus\functions\mbfunccoils.c 0x00000000   Number         0  mbfunccoils.o ABSOLUTE
    ..\HARDWARE\FreeModbus\modbus\functions\mbfunccoils_m.c 0x00000000   Number         0  mbfunccoils_m.o ABSOLUTE
    ..\HARDWARE\FreeModbus\modbus\functions\mbfuncdiag.c 0x00000000   Number         0  mbfuncdiag.o ABSOLUTE
    ..\HARDWARE\FreeModbus\modbus\functions\mbfuncdisc.c 0x00000000   Number         0  mbfuncdisc.o ABSOLUTE
    ..\HARDWARE\FreeModbus\modbus\functions\mbfuncdisc_m.c 0x00000000   Number         0  mbfuncdisc_m.o ABSOLUTE
    ..\HARDWARE\FreeModbus\modbus\functions\mbfuncholding.c 0x00000000   Number         0  mbfuncholding.o ABSOLUTE
    ..\HARDWARE\FreeModbus\modbus\functions\mbfuncholding_m.c 0x00000000   Number         0  mbfuncholding_m.o ABSOLUTE
    ..\HARDWARE\FreeModbus\modbus\functions\mbfuncinput.c 0x00000000   Number         0  mbfuncinput.o ABSOLUTE
    ..\HARDWARE\FreeModbus\modbus\functions\mbfuncinput_m.c 0x00000000   Number         0  mbfuncinput_m.o ABSOLUTE
    ..\HARDWARE\FreeModbus\modbus\functions\mbfuncother.c 0x00000000   Number         0  mbfuncother.o ABSOLUTE
    ..\HARDWARE\FreeModbus\modbus\functions\mbutils.c 0x00000000   Number         0  mbutils.o ABSOLUTE
    ..\HARDWARE\FreeModbus\modbus\mb.c       0x00000000   Number         0  mb.o ABSOLUTE
    ..\HARDWARE\FreeModbus\modbus\mb_m.c     0x00000000   Number         0  mb_m.o ABSOLUTE
    ..\HARDWARE\FreeModbus\modbus\rtu\mbcrc.c 0x00000000   Number         0  mbcrc.o ABSOLUTE
    ..\HARDWARE\FreeModbus\modbus\rtu\mbrtu.c 0x00000000   Number         0  mbrtu.o ABSOLUTE
    ..\HARDWARE\FreeModbus\modbus\rtu\mbrtu_m.c 0x00000000   Number         0  mbrtu_m.o ABSOLUTE
    ..\HARDWARE\FreeModbus\port\no_os\port.c 0x00000000   Number         0  port.o ABSOLUTE
    ..\HARDWARE\FreeModbus\port\no_os\portevent.c 0x00000000   Number         0  portevent.o ABSOLUTE
    ..\HARDWARE\FreeModbus\port\no_os\portevent_m.c 0x00000000   Number         0  portevent_m.o ABSOLUTE
    ..\HARDWARE\FreeModbus\port\no_os\portserial.c 0x00000000   Number         0  portserial.o ABSOLUTE
    ..\HARDWARE\FreeModbus\port\no_os\portserial_m.c 0x00000000   Number         0  portserial_m.o ABSOLUTE
    ..\HARDWARE\FreeModbus\port\no_os\porttimer.c 0x00000000   Number         0  porttimer.o ABSOLUTE
    ..\HARDWARE\FreeModbus\port\no_os\porttimer_m.c 0x00000000   Number         0  porttimer_m.o ABSOLUTE
    ..\HARDWARE\FreeModbus\port\user_mb_app.c 0x00000000   Number         0  user_mb_app.o ABSOLUTE
    ..\HARDWARE\FreeModbus\port\user_mb_app_ex.c 0x00000000   Number         0  user_mb_app_ex.o ABSOLUTE
    ..\HARDWARE\FreeModbus\port\user_mb_app_m.c 0x00000000   Number         0  user_mb_app_m.o ABSOLUTE
    ..\SYSTEM\sys\sys.c                      0x00000000   Number         0  sys.o ABSOLUTE
    ..\Src\bsp.c                             0x00000000   Number         0  bsp.o ABSOLUTE
    ..\Src\gpio.c                            0x00000000   Number         0  gpio.o ABSOLUTE
    ..\Src\irq_callback.c                    0x00000000   Number         0  irq_callback.o ABSOLUTE
    ..\Src\main.c                            0x00000000   Number         0  main.o ABSOLUTE
    ..\Src\stm32f1xx_hal_msp.c               0x00000000   Number         0  stm32f1xx_hal_msp.o ABSOLUTE
    ..\Src\stm32f1xx_it.c                    0x00000000   Number         0  stm32f1xx_it.o ABSOLUTE
    ..\Src\system_stm32f1xx.c                0x00000000   Number         0  system_stm32f1xx.o ABSOLUTE
    ..\Src\tim.c                             0x00000000   Number         0  tim.o ABSOLUTE
    ..\Src\usart.c                           0x00000000   Number         0  usart.o ABSOLUTE
    ..\\Drivers\\STM32F1xx_HAL_Driver\\Src\\stm32f1xx_hal.c 0x00000000   Number         0  stm32f1xx_hal.o ABSOLUTE
    ..\\Drivers\\STM32F1xx_HAL_Driver\\Src\\stm32f1xx_hal_cortex.c 0x00000000   Number         0  stm32f1xx_hal_cortex.o ABSOLUTE
    ..\\Drivers\\STM32F1xx_HAL_Driver\\Src\\stm32f1xx_hal_dma.c 0x00000000   Number         0  stm32f1xx_hal_dma.o ABSOLUTE
    ..\\Drivers\\STM32F1xx_HAL_Driver\\Src\\stm32f1xx_hal_flash.c 0x00000000   Number         0  stm32f1xx_hal_flash.o ABSOLUTE
    ..\\Drivers\\STM32F1xx_HAL_Driver\\Src\\stm32f1xx_hal_flash_ex.c 0x00000000   Number         0  stm32f1xx_hal_flash_ex.o ABSOLUTE
    ..\\Drivers\\STM32F1xx_HAL_Driver\\Src\\stm32f1xx_hal_gpio.c 0x00000000   Number         0  stm32f1xx_hal_gpio.o ABSOLUTE
    ..\\Drivers\\STM32F1xx_HAL_Driver\\Src\\stm32f1xx_hal_pwr.c 0x00000000   Number         0  stm32f1xx_hal_pwr.o ABSOLUTE
    ..\\Drivers\\STM32F1xx_HAL_Driver\\Src\\stm32f1xx_hal_rcc.c 0x00000000   Number         0  stm32f1xx_hal_rcc.o ABSOLUTE
    ..\\Drivers\\STM32F1xx_HAL_Driver\\Src\\stm32f1xx_hal_rcc_ex.c 0x00000000   Number         0  stm32f1xx_hal_rcc_ex.o ABSOLUTE
    ..\\Drivers\\STM32F1xx_HAL_Driver\\Src\\stm32f1xx_hal_tim.c 0x00000000   Number         0  stm32f1xx_hal_tim.o ABSOLUTE
    ..\\Drivers\\STM32F1xx_HAL_Driver\\Src\\stm32f1xx_hal_tim_ex.c 0x00000000   Number         0  stm32f1xx_hal_tim_ex.o ABSOLUTE
    ..\\Drivers\\STM32F1xx_HAL_Driver\\Src\\stm32f1xx_hal_uart.c 0x00000000   Number         0  stm32f1xx_hal_uart.o ABSOLUTE
    ..\\HARDWARE\\EXTI\\exti.c               0x00000000   Number         0  exti.o ABSOLUTE
    ..\\HARDWARE\\FreeModbus\\modbus\\ascii\\mbascii.c 0x00000000   Number         0  mbascii.o ABSOLUTE
    ..\\HARDWARE\\FreeModbus\\modbus\\functions\\mbfunccoils.c 0x00000000   Number         0  mbfunccoils.o ABSOLUTE
    ..\\HARDWARE\\FreeModbus\\modbus\\functions\\mbfunccoils_m.c 0x00000000   Number         0  mbfunccoils_m.o ABSOLUTE
    ..\\HARDWARE\\FreeModbus\\modbus\\functions\\mbfuncdisc.c 0x00000000   Number         0  mbfuncdisc.o ABSOLUTE
    ..\\HARDWARE\\FreeModbus\\modbus\\functions\\mbfuncdisc_m.c 0x00000000   Number         0  mbfuncdisc_m.o ABSOLUTE
    ..\\HARDWARE\\FreeModbus\\modbus\\functions\\mbfuncholding.c 0x00000000   Number         0  mbfuncholding.o ABSOLUTE
    ..\\HARDWARE\\FreeModbus\\modbus\\functions\\mbfuncholding_m.c 0x00000000   Number         0  mbfuncholding_m.o ABSOLUTE
    ..\\HARDWARE\\FreeModbus\\modbus\\functions\\mbfuncinput.c 0x00000000   Number         0  mbfuncinput.o ABSOLUTE
    ..\\HARDWARE\\FreeModbus\\modbus\\functions\\mbfuncinput_m.c 0x00000000   Number         0  mbfuncinput_m.o ABSOLUTE
    ..\\HARDWARE\\FreeModbus\\modbus\\functions\\mbfuncother.c 0x00000000   Number         0  mbfuncother.o ABSOLUTE
    ..\\HARDWARE\\FreeModbus\\modbus\\functions\\mbutils.c 0x00000000   Number         0  mbutils.o ABSOLUTE
    ..\\HARDWARE\\FreeModbus\\modbus\\mb.c   0x00000000   Number         0  mb.o ABSOLUTE
    ..\\HARDWARE\\FreeModbus\\modbus\\mb_m.c 0x00000000   Number         0  mb_m.o ABSOLUTE
    ..\\HARDWARE\\FreeModbus\\modbus\\rtu\\mbcrc.c 0x00000000   Number         0  mbcrc.o ABSOLUTE
    ..\\HARDWARE\\FreeModbus\\modbus\\rtu\\mbrtu.c 0x00000000   Number         0  mbrtu.o ABSOLUTE
    ..\\HARDWARE\\FreeModbus\\modbus\\rtu\\mbrtu_m.c 0x00000000   Number         0  mbrtu_m.o ABSOLUTE
    ..\\HARDWARE\\FreeModbus\\port\\no_os\\port.c 0x00000000   Number         0  port.o ABSOLUTE
    ..\\HARDWARE\\FreeModbus\\port\\no_os\\portevent.c 0x00000000   Number         0  portevent.o ABSOLUTE
    ..\\HARDWARE\\FreeModbus\\port\\no_os\\portevent_m.c 0x00000000   Number         0  portevent_m.o ABSOLUTE
    ..\\HARDWARE\\FreeModbus\\port\\no_os\\portserial.c 0x00000000   Number         0  portserial.o ABSOLUTE
    ..\\HARDWARE\\FreeModbus\\port\\no_os\\portserial_m.c 0x00000000   Number         0  portserial_m.o ABSOLUTE
    ..\\HARDWARE\\FreeModbus\\port\\no_os\\porttimer.c 0x00000000   Number         0  porttimer.o ABSOLUTE
    ..\\HARDWARE\\FreeModbus\\port\\no_os\\porttimer_m.c 0x00000000   Number         0  porttimer_m.o ABSOLUTE
    ..\\HARDWARE\\FreeModbus\\port\\user_mb_app.c 0x00000000   Number         0  user_mb_app.o ABSOLUTE
    ..\\HARDWARE\\FreeModbus\\port\\user_mb_app_ex.c 0x00000000   Number         0  user_mb_app_ex.o ABSOLUTE
    ..\\HARDWARE\\FreeModbus\\port\\user_mb_app_m.c 0x00000000   Number         0  user_mb_app_m.o ABSOLUTE
    ..\\SYSTEM\\sys\\sys.c                   0x00000000   Number         0  sys.o ABSOLUTE
    ..\\Src\\bsp.c                           0x00000000   Number         0  bsp.o ABSOLUTE
    ..\\Src\\gpio.c                          0x00000000   Number         0  gpio.o ABSOLUTE
    ..\\Src\\irq_callback.c                  0x00000000   Number         0  irq_callback.o ABSOLUTE
    ..\\Src\\main.c                          0x00000000   Number         0  main.o ABSOLUTE
    ..\\Src\\stm32f1xx_hal_msp.c             0x00000000   Number         0  stm32f1xx_hal_msp.o ABSOLUTE
    ..\\Src\\stm32f1xx_it.c                  0x00000000   Number         0  stm32f1xx_it.o ABSOLUTE
    ..\\Src\\system_stm32f1xx.c              0x00000000   Number         0  system_stm32f1xx.o ABSOLUTE
    ..\\Src\\tim.c                           0x00000000   Number         0  tim.o ABSOLUTE
    ..\\Src\\usart.c                         0x00000000   Number         0  usart.o ABSOLUTE
    cfcmple.s                                0x00000000   Number         0  cfcmple.o ABSOLUTE
    cfrcmple.s                               0x00000000   Number         0  cfrcmple.o ABSOLUTE
    dc.s                                     0x00000000   Number         0  dc.o ABSOLUTE
    handlers.s                               0x00000000   Number         0  handlers.o ABSOLUTE
    init.s                                   0x00000000   Number         0  init.o ABSOLUTE
    RESET                                    0x08000000   Section      304  startup_stm32f103xg.o(RESET)
    .ARM.Collect$$$$00000000                 0x08000130   Section        0  entry.o(.ARM.Collect$$$$00000000)
    .ARM.Collect$$$$00000001                 0x08000130   Section        4  entry2.o(.ARM.Collect$$$$00000001)
    .ARM.Collect$$$$00000004                 0x08000134   Section        4  entry5.o(.ARM.Collect$$$$00000004)
    .ARM.Collect$$$$00000008                 0x08000138   Section        0  entry7b.o(.ARM.Collect$$$$00000008)
    .ARM.Collect$$$$0000000A                 0x08000138   Section        0  entry8b.o(.ARM.Collect$$$$0000000A)
    .ARM.Collect$$$$0000000B                 0x08000138   Section        8  entry9a.o(.ARM.Collect$$$$0000000B)
    .ARM.Collect$$$$0000000E                 0x08000140   Section        4  entry12b.o(.ARM.Collect$$$$0000000E)
    .ARM.Collect$$$$0000000F                 0x08000144   Section        0  entry10a.o(.ARM.Collect$$$$0000000F)
    .ARM.Collect$$$$00000011                 0x08000144   Section        0  entry11a.o(.ARM.Collect$$$$00000011)
    .ARM.Collect$$$$00002712                 0x08000144   Section        4  entry2.o(.ARM.Collect$$$$00002712)
    __lit__00000000                          0x08000144   Data           4  entry2.o(.ARM.Collect$$$$00002712)
    .text                                    0x08000148   Section       36  startup_stm32f103xg.o(.text)
    .text                                    0x0800016c   Section        0  memcpya.o(.text)
    .text                                    0x08000190   Section       36  init.o(.text)
    i.BusFault_Handler                       0x080001b4   Section        0  stm32f1xx_it.o(i.BusFault_Handler)
    i.DebugMon_Handler                       0x080001b8   Section        0  stm32f1xx_it.o(i.DebugMon_Handler)
    i.EXTI0_IRQHandler                       0x080001bc   Section        0  exti.o(i.EXTI0_IRQHandler)
    i.EnterCriticalSection                   0x080001f8   Section        0  port.o(i.EnterCriticalSection)
    i.ExitCriticalSection                    0x080001fc   Section        0  port.o(i.ExitCriticalSection)
    i.HAL_Delay                              0x08000200   Section        0  stm32f1xx_hal.o(i.HAL_Delay)
    i.HAL_GPIO_EXTI_Callback                 0x0800021a   Section        0  stm32f1xx_hal_gpio.o(i.HAL_GPIO_EXTI_Callback)
    i.HAL_GPIO_Init                          0x0800021c   Section        0  stm32f1xx_hal_gpio.o(i.HAL_GPIO_Init)
    i.HAL_GPIO_ReadPin                       0x08000538   Section        0  stm32f1xx_hal_gpio.o(i.HAL_GPIO_ReadPin)
    i.HAL_GPIO_WritePin                      0x08000548   Section        0  stm32f1xx_hal_gpio.o(i.HAL_GPIO_WritePin)
    i.HAL_GetTick                            0x08000554   Section        0  stm32f1xx_hal.o(i.HAL_GetTick)
    i.HAL_IncTick                            0x08000560   Section        0  stm32f1xx_hal.o(i.HAL_IncTick)
    i.HAL_Init                               0x08000570   Section        0  stm32f1xx_hal.o(i.HAL_Init)
    i.HAL_InitTick                           0x08000598   Section        0  stm32f1xx_hal.o(i.HAL_InitTick)
    i.HAL_MspInit                            0x080005bc   Section        0  stm32f1xx_hal_msp.o(i.HAL_MspInit)
    i.HAL_NVIC_EnableIRQ                     0x08000620   Section        0  stm32f1xx_hal_cortex.o(i.HAL_NVIC_EnableIRQ)
    i.HAL_NVIC_SetPriority                   0x0800063a   Section        0  stm32f1xx_hal_cortex.o(i.HAL_NVIC_SetPriority)
    i.HAL_NVIC_SetPriorityGrouping           0x080006b8   Section        0  stm32f1xx_hal_cortex.o(i.HAL_NVIC_SetPriorityGrouping)
    i.HAL_RCCEx_PeriphCLKConfig              0x080006e0   Section        0  stm32f1xx_hal_rcc_ex.o(i.HAL_RCCEx_PeriphCLKConfig)
    i.HAL_RCC_ClockConfig                    0x08000854   Section        0  stm32f1xx_hal_rcc.o(i.HAL_RCC_ClockConfig)
    i.HAL_RCC_GetHCLKFreq                    0x08000c88   Section        0  stm32f1xx_hal_rcc.o(i.HAL_RCC_GetHCLKFreq)
    i.HAL_RCC_GetPCLK1Freq                   0x08000cc0   Section        0  stm32f1xx_hal_rcc.o(i.HAL_RCC_GetPCLK1Freq)
    i.HAL_RCC_GetPCLK2Freq                   0x08000cec   Section        0  stm32f1xx_hal_rcc.o(i.HAL_RCC_GetPCLK2Freq)
    i.HAL_RCC_GetSysClockFreq                0x08000d18   Section        0  stm32f1xx_hal_rcc.o(i.HAL_RCC_GetSysClockFreq)
    i.HAL_RCC_OscConfig                      0x08000dcc   Section        0  stm32f1xx_hal_rcc.o(i.HAL_RCC_OscConfig)
    i.HAL_SYSTICK_Callback                   0x08001754   Section        0  irq_callback.o(i.HAL_SYSTICK_Callback)
    i.HAL_SYSTICK_Config                     0x0800175c   Section        0  stm32f1xx_hal_cortex.o(i.HAL_SYSTICK_Config)
    i.HAL_SYSTICK_IRQHandler                 0x08001790   Section        0  stm32f1xx_hal_cortex.o(i.HAL_SYSTICK_IRQHandler)
    i.HAL_TIMEx_BreakCallback                0x08001798   Section        0  stm32f1xx_hal_tim_ex.o(i.HAL_TIMEx_BreakCallback)
    i.HAL_TIMEx_CommutationCallback          0x0800179a   Section        0  stm32f1xx_hal_tim_ex.o(i.HAL_TIMEx_CommutationCallback)
    i.HAL_TIMEx_MasterConfigSynchronization  0x0800179c   Section        0  stm32f1xx_hal_tim_ex.o(i.HAL_TIMEx_MasterConfigSynchronization)
    i.HAL_TIM_Base_Init                      0x080017fe   Section        0  stm32f1xx_hal_tim.o(i.HAL_TIM_Base_Init)
    i.HAL_TIM_Base_MspInit                   0x08001834   Section        0  tim.o(i.HAL_TIM_Base_MspInit)
    i.HAL_TIM_Base_Start_IT                  0x08001878   Section        0  stm32f1xx_hal_tim.o(i.HAL_TIM_Base_Start_IT)
    i.HAL_TIM_Base_Stop_IT                   0x08001896   Section        0  stm32f1xx_hal_tim.o(i.HAL_TIM_Base_Stop_IT)
    i.HAL_TIM_ConfigClockSource              0x080018ce   Section        0  stm32f1xx_hal_tim.o(i.HAL_TIM_ConfigClockSource)
    i.HAL_TIM_IC_CaptureCallback             0x08001a00   Section        0  stm32f1xx_hal_tim.o(i.HAL_TIM_IC_CaptureCallback)
    i.HAL_TIM_IRQHandler                     0x08001a02   Section        0  stm32f1xx_hal_tim.o(i.HAL_TIM_IRQHandler)
    i.HAL_TIM_OC_DelayElapsedCallback        0x08001b98   Section        0  stm32f1xx_hal_tim.o(i.HAL_TIM_OC_DelayElapsedCallback)
    i.HAL_TIM_PWM_PulseFinishedCallback      0x08001b9a   Section        0  stm32f1xx_hal_tim.o(i.HAL_TIM_PWM_PulseFinishedCallback)
    i.HAL_TIM_PeriodElapsedCallback          0x08001b9c   Section        0  irq_callback.o(i.HAL_TIM_PeriodElapsedCallback)
    i.HAL_TIM_TriggerCallback                0x08001bac   Section        0  stm32f1xx_hal_tim.o(i.HAL_TIM_TriggerCallback)
    i.HAL_UART_ErrorCallback                 0x08001bae   Section        0  stm32f1xx_hal_uart.o(i.HAL_UART_ErrorCallback)
    i.HAL_UART_IRQHandler                    0x08001bb0   Section        0  stm32f1xx_hal_uart.o(i.HAL_UART_IRQHandler)
    i.HAL_UART_Init                          0x08001c8a   Section        0  stm32f1xx_hal_uart.o(i.HAL_UART_Init)
    i.HAL_UART_MspInit                       0x08001cf8   Section        0  usart.o(i.HAL_UART_MspInit)
    i.HAL_UART_RxCpltCallback                0x08001d6c   Section        0  stm32f1xx_hal_uart.o(i.HAL_UART_RxCpltCallback)
    i.HAL_UART_Transmit                      0x08001d6e   Section        0  stm32f1xx_hal_uart.o(i.HAL_UART_Transmit)
    i.HAL_UART_TxCpltCallback                0x08001e5e   Section        0  stm32f1xx_hal_uart.o(i.HAL_UART_TxCpltCallback)
    i.HardFault_Handler                      0x08001e60   Section        0  stm32f1xx_it.o(i.HardFault_Handler)
    i.MX_GPIO_Init                           0x08001e64   Section        0  gpio.o(i.MX_GPIO_Init)
    i.MX_TIM3_Init                           0x08001ef0   Section        0  tim.o(i.MX_TIM3_Init)
    i.MX_USART1_UART_Init                    0x08001f64   Section        0  usart.o(i.MX_USART1_UART_Init)
    i.MemManage_Handler                      0x08001fb8   Section        0  stm32f1xx_it.o(i.MemManage_Handler)
    i.NMI_Handler                            0x08001fbc   Section        0  stm32f1xx_it.o(i.NMI_Handler)
    i.NVIC_GetPriorityGrouping               0x08001fc0   Section        0  stm32f1xx_hal_cortex.o(i.NVIC_GetPriorityGrouping)
    NVIC_GetPriorityGrouping                 0x08001fc1   Thumb Code    10  stm32f1xx_hal_cortex.o(i.NVIC_GetPriorityGrouping)
    i.NVIC_SetPriority                       0x08001fd0   Section        0  stm32f1xx_hal_cortex.o(i.NVIC_SetPriority)
    NVIC_SetPriority                         0x08001fd1   Thumb Code    32  stm32f1xx_hal_cortex.o(i.NVIC_SetPriority)
    i.PendSV_Handler                         0x08001ff8   Section        0  stm32f1xx_it.o(i.PendSV_Handler)
    i.SVC_Handler                            0x08001ffa   Section        0  stm32f1xx_it.o(i.SVC_Handler)
    i.SysTick_Handler                        0x08001ffc   Section        0  stm32f1xx_it.o(i.SysTick_Handler)
    i.SystemClock_Config                     0x08002008   Section        0  main.o(i.SystemClock_Config)
    i.SystemInit                             0x08002068   Section        0  system_stm32f1xx.o(i.SystemInit)
    i.TIM3_IRQHandler                        0x080020c0   Section        0  stm32f1xx_it.o(i.TIM3_IRQHandler)
    i.TIM_Base_SetConfig                     0x080020d0   Section        0  stm32f1xx_hal_tim.o(i.TIM_Base_SetConfig)
    i.TIM_ETR_SetConfig                      0x0800213c   Section        0  stm32f1xx_hal_tim.o(i.TIM_ETR_SetConfig)
    TIM_ETR_SetConfig                        0x0800213d   Thumb Code    24  stm32f1xx_hal_tim.o(i.TIM_ETR_SetConfig)
    i.TIM_ITRx_SetConfig                     0x08002154   Section        0  stm32f1xx_hal_tim.o(i.TIM_ITRx_SetConfig)
    TIM_ITRx_SetConfig                       0x08002155   Thumb Code    20  stm32f1xx_hal_tim.o(i.TIM_ITRx_SetConfig)
    i.TIM_TI1_ConfigInputStage               0x08002168   Section        0  stm32f1xx_hal_tim.o(i.TIM_TI1_ConfigInputStage)
    TIM_TI1_ConfigInputStage                 0x08002169   Thumb Code    42  stm32f1xx_hal_tim.o(i.TIM_TI1_ConfigInputStage)
    i.TIM_TI2_ConfigInputStage               0x08002192   Section        0  stm32f1xx_hal_tim.o(i.TIM_TI2_ConfigInputStage)
    TIM_TI2_ConfigInputStage                 0x08002193   Thumb Code    44  stm32f1xx_hal_tim.o(i.TIM_TI2_ConfigInputStage)
    i.UART                                   0x080021c0   Section        0  main.o(i.UART)
    i.UART_EndTransmit_IT                    0x08002290   Section        0  stm32f1xx_hal_uart.o(i.UART_EndTransmit_IT)
    UART_EndTransmit_IT                      0x08002291   Thumb Code    48  stm32f1xx_hal_uart.o(i.UART_EndTransmit_IT)
    i.UART_Receive_IT                        0x080022c0   Section        0  stm32f1xx_hal_uart.o(i.UART_Receive_IT)
    UART_Receive_IT                          0x080022c1   Thumb Code   188  stm32f1xx_hal_uart.o(i.UART_Receive_IT)
    i.UART_SetConfig                         0x0800237c   Section        0  stm32f1xx_hal_uart.o(i.UART_SetConfig)
    UART_SetConfig                           0x0800237d   Thumb Code   290  stm32f1xx_hal_uart.o(i.UART_SetConfig)
    i.UART_Transmit_IT                       0x080024a4   Section        0  stm32f1xx_hal_uart.o(i.UART_Transmit_IT)
    UART_Transmit_IT                         0x080024a5   Thumb Code   112  stm32f1xx_hal_uart.o(i.UART_Transmit_IT)
    i.UART_WaitOnFlagUntilTimeout            0x08002514   Section        0  stm32f1xx_hal_uart.o(i.UART_WaitOnFlagUntilTimeout)
    UART_WaitOnFlagUntilTimeout              0x08002515   Thumb Code   250  stm32f1xx_hal_uart.o(i.UART_WaitOnFlagUntilTimeout)
    i.USART1_IRQHandler                      0x08002610   Section        0  stm32f1xx_it.o(i.USART1_IRQHandler)
    i.UsageFault_Handler                     0x08002680   Section        0  stm32f1xx_it.o(i.UsageFault_Handler)
    i._Error_Handler                         0x08002684   Section        0  main.o(i._Error_Handler)
    i.__scatterload_copy                     0x08002688   Section       14  handlers.o(i.__scatterload_copy)
    i.__scatterload_null                     0x08002696   Section        2  handlers.o(i.__scatterload_null)
    i.__scatterload_zeroinit                 0x08002698   Section       14  handlers.o(i.__scatterload_zeroinit)
    i.bsp_init                               0x080026a8   Section        0  bsp.o(i.bsp_init)
    i.delay                                  0x080026dc   Section        0  sys.o(i.delay)
    i.digitalWrite                           0x080026fc   Section        0  sys.o(i.digitalWrite)
    i.eMBEnable                              0x08002724   Section        0  mb.o(i.eMBEnable)
    i.eMBFuncReadCoils                       0x0800274c   Section        0  mbfunccoils.o(i.eMBFuncReadCoils)
    i.eMBFuncReadDiscreteInputs              0x080027fa   Section        0  mbfuncdisc.o(i.eMBFuncReadDiscreteInputs)
    i.eMBFuncReadHoldingRegister             0x080028a6   Section        0  mbfuncholding.o(i.eMBFuncReadHoldingRegister)
    i.eMBFuncReadInputRegister               0x08002934   Section        0  mbfuncinput.o(i.eMBFuncReadInputRegister)
    i.eMBFuncReadWriteMultipleHoldingRegister 0x080029c0   Section        0  mbfuncholding.o(i.eMBFuncReadWriteMultipleHoldingRegister)
    i.eMBFuncReportSlaveID                   0x08002a94   Section        0  mbfuncother.o(i.eMBFuncReportSlaveID)
    i.eMBFuncWriteCoil                       0x08002abc   Section        0  mbfunccoils.o(i.eMBFuncWriteCoil)
    i.eMBFuncWriteHoldingRegister            0x08002b2c   Section        0  mbfuncholding.o(i.eMBFuncWriteHoldingRegister)
    i.eMBFuncWriteMultipleCoils              0x08002b6e   Section        0  mbfunccoils.o(i.eMBFuncWriteMultipleCoils)
    i.eMBFuncWriteMultipleHoldingRegister    0x08002bfe   Section        0  mbfuncholding.o(i.eMBFuncWriteMultipleHoldingRegister)
    i.eMBInit                                0x08002c6c   Section        0  mb.o(i.eMBInit)
    i.eMBPoll                                0x08002d4c   Section        0  mb.o(i.eMBPoll)
    i.eMBRTUInit                             0x08002e78   Section        0  mbrtu.o(i.eMBRTUInit)
    i.eMBRTUReceive                          0x08002ed0   Section        0  mbrtu.o(i.eMBRTUReceive)
    i.eMBRTUSend                             0x08002f20   Section        0  mbrtu.o(i.eMBRTUSend)
    i.eMBRTUStart                            0x08002fb0   Section        0  mbrtu.o(i.eMBRTUStart)
    i.eMBRTUStop                             0x08002fd4   Section        0  mbrtu.o(i.eMBRTUStop)
    i.eMBRegCoilsCB                          0x08002fec   Section        0  user_mb_app.o(i.eMBRegCoilsCB)
    i.eMBRegDiscreteCB                       0x08003120   Section        0  user_mb_app.o(i.eMBRegDiscreteCB)
    i.eMBRegHoldingCB                        0x080031e8   Section        0  user_mb_app.o(i.eMBRegHoldingCB)
    i.eMBRegInputCB                          0x0800329c   Section        0  user_mb_app.o(i.eMBRegInputCB)
    i.main                                   0x0800330c   Section        0  main.o(i.main)
    i.millis                                 0x08003398   Section        0  sys.o(i.millis)
    i.pinMode                                0x080033a0   Section        0  sys.o(i.pinMode)
    i.prveMBError2Exception                  0x08003528   Section        0  mbutils.o(i.prveMBError2Exception)
    i.usMBCRC16                              0x0800354c   Section        0  mbcrc.o(i.usMBCRC16)
    i.vMBPortSerialEnable                    0x08003584   Section        0  portserial.o(i.vMBPortSerialEnable)
    i.vMBPortTimersDisable                   0x080035f4   Section        0  porttimer.o(i.vMBPortTimersDisable)
    i.vMBPortTimersEnable                    0x08003604   Section        0  porttimer.o(i.vMBPortTimersEnable)
    i.xMBPortEventGet                        0x08003624   Section        0  portevent.o(i.xMBPortEventGet)
    i.xMBPortEventInit                       0x08003648   Section        0  portevent.o(i.xMBPortEventInit)
    i.xMBPortEventPost                       0x08003658   Section        0  portevent.o(i.xMBPortEventPost)
    i.xMBPortSerialGetByte                   0x08003670   Section        0  portserial.o(i.xMBPortSerialGetByte)
    i.xMBPortSerialInit                      0x08003684   Section        0  portserial.o(i.xMBPortSerialInit)
    i.xMBPortSerialPutByte                   0x0800368c   Section        0  portserial.o(i.xMBPortSerialPutByte)
    i.xMBPortTimersInit                      0x080036a8   Section        0  porttimer.o(i.xMBPortTimersInit)
    i.xMBRTUReceiveFSM                       0x0800371c   Section        0  mbrtu.o(i.xMBRTUReceiveFSM)
    i.xMBRTUTimerT35Expired                  0x080037a4   Section        0  mbrtu.o(i.xMBRTUTimerT35Expired)
    i.xMBRTUTransmitFSM                      0x080037e4   Section        0  mbrtu.o(i.xMBRTUTransmitFSM)
    i.xMBUtilGetBits                         0x08003850   Section        0  mbutils.o(i.xMBUtilGetBits)
    i.xMBUtilSetBits                         0x0800387a   Section        0  mbutils.o(i.xMBUtilSetBits)
    i.yield                                  0x080038da   Section        0  sys.o(i.yield)
    __empty                                  0x080038db   Thumb Code     0  sys.o(i.yield)
    .constdata                               0x080038dc   Section       16  stm32f1xx_hal_rcc.o(.constdata)
    .constdata                               0x080038ec   Section     1920  sys.o(.constdata)
    .constdata                               0x0800406c   Section      512  mbcrc.o(.constdata)
    aucCRCHi                                 0x0800406c   Data         256  mbcrc.o(.constdata)
    aucCRCLo                                 0x0800416c   Data         256  mbcrc.o(.constdata)
    .data                                    0x20000000   Section        4  stm32f1xx_hal.o(.data)
    uwTick                                   0x20000000   Data           4  stm32f1xx_hal.o(.data)
    .data                                    0x20000004   Section        1  bsp.o(.data)
    .data                                    0x20000006   Section        2  mbfuncother.o(.data)
    usMBSlaveIDLen                           0x20000006   Data           2  mbfuncother.o(.data)
    .data                                    0x20000008   Section       12  mbrtu.o(.data)
    eSndState                                0x20000008   Data           1  mbrtu.o(.data)
    eRcvState                                0x20000009   Data           1  mbrtu.o(.data)
    pucSndBufferCur                          0x2000000c   Data           4  mbrtu.o(.data)
    usSndBufferCount                         0x20000010   Data           2  mbrtu.o(.data)
    usRcvBufferPos                           0x20000012   Data           2  mbrtu.o(.data)
    .data                                    0x20000014   Section      181  mb.o(.data)
    ucMBAddress                              0x20000014   Data           1  mb.o(.data)
    eMBCurrentMode                           0x20000015   Data           1  mb.o(.data)
    eMBState                                 0x20000016   Data           1  mb.o(.data)
    peMBFrameSendCur                         0x20000018   Data           4  mb.o(.data)
    pvMBFrameStartCur                        0x2000001c   Data           4  mb.o(.data)
    pvMBFrameStopCur                         0x20000020   Data           4  mb.o(.data)
    peMBFrameReceiveCur                      0x20000024   Data           4  mb.o(.data)
    pvMBFrameCloseCur                        0x20000028   Data           4  mb.o(.data)
    xFuncHandlers                            0x20000040   Data         128  mb.o(.data)
    ucMBFrame                                0x200000c0   Data           4  mb.o(.data)
    ucRcvAddress                             0x200000c4   Data           1  mb.o(.data)
    ucFunctionCode                           0x200000c5   Data           1  mb.o(.data)
    usLength                                 0x200000c6   Data           2  mb.o(.data)
    eException                               0x200000c8   Data           1  mb.o(.data)
    .data                                    0x200000ca   Section       18  user_mb_app.o(.data)
    .data                                    0x200000dc   Section        2  portevent.o(.data)
    eQueuedEvent                             0x200000dc   Data           1  portevent.o(.data)
    xEventInQueue                            0x200000dd   Data           1  portevent.o(.data)
    .data                                    0x200000e0   Section        4  system_stm32f1xx.o(.data)
    .bss                                     0x200000e4   Section       60  tim.o(.bss)
    .bss                                     0x20000120   Section       64  usart.o(.bss)
    .bss                                     0x20000160   Section       32  mbfuncother.o(.bss)
    ucMBSlaveID                              0x20000160   Data          32  mbfuncother.o(.bss)
    .bss                                     0x20000180   Section      256  mbrtu.o(.bss)
    .bss                                     0x20000280   Section      400  user_mb_app.o(.bss)
    .bss                                     0x20000410   Section       64  main.o(.bss)
    STACK                                    0x20000450   Section     1024  startup_stm32f103xg.o(STACK)

    Global Symbols

    Symbol Name                              Value     Ov Type        Size  Object(Section)

    BuildAttributes$$THM_ISAv4$P$D$K$B$S$PE$A:L22UL41UL21$X:L11$S22US41US21$IEEE1$IW$USESV6$~STKCKD$USESV7$~SHL$OTIME$ROPI$IEEEJ$EBA8$MICROLIB$REQ8$PRES8$EABIv2 0x00000000   Number         0  anon$$obj.o ABSOLUTE
    __ARM_use_no_argv                        0x00000000   Number         0  main.o ABSOLUTE
    __arm_fini_                               - Undefined Weak Reference
    __cpp_initialize__aeabi_                  - Undefined Weak Reference
    __cxa_finalize                            - Undefined Weak Reference
    __decompress                              - Undefined Weak Reference
    _clock_init                               - Undefined Weak Reference
    _microlib_exit                            - Undefined Weak Reference
    __Vectors_Size                           0x00000130   Number         0  startup_stm32f103xg.o ABSOLUTE
    __Vectors                                0x08000000   Data           4  startup_stm32f103xg.o(RESET)
    __Vectors_End                            0x08000130   Data           0  startup_stm32f103xg.o(RESET)
    __main                                   0x08000131   Thumb Code     0  entry.o(.ARM.Collect$$$$00000000)
    _main_stk                                0x08000131   Thumb Code     0  entry2.o(.ARM.Collect$$$$00000001)
    _main_scatterload                        0x08000135   Thumb Code     0  entry5.o(.ARM.Collect$$$$00000004)
    __main_after_scatterload                 0x08000139   Thumb Code     0  entry5.o(.ARM.Collect$$$$00000004)
    _main_clock                              0x08000139   Thumb Code     0  entry7b.o(.ARM.Collect$$$$00000008)
    _main_cpp_init                           0x08000139   Thumb Code     0  entry8b.o(.ARM.Collect$$$$0000000A)
    _main_init                               0x08000139   Thumb Code     0  entry9a.o(.ARM.Collect$$$$0000000B)
    __rt_lib_shutdown_fini                   0x08000141   Thumb Code     0  entry12b.o(.ARM.Collect$$$$0000000E)
    __rt_final_cpp                           0x08000145   Thumb Code     0  entry10a.o(.ARM.Collect$$$$0000000F)
    __rt_final_exit                          0x08000145   Thumb Code     0  entry11a.o(.ARM.Collect$$$$00000011)
    Reset_Handler                            0x08000149   Thumb Code     8  startup_stm32f103xg.o(.text)
    ADC1_2_IRQHandler                        0x08000163   Thumb Code     0  startup_stm32f103xg.o(.text)
    ADC3_IRQHandler                          0x08000163   Thumb Code     0  startup_stm32f103xg.o(.text)
    CAN1_RX1_IRQHandler                      0x08000163   Thumb Code     0  startup_stm32f103xg.o(.text)
    CAN1_SCE_IRQHandler                      0x08000163   Thumb Code     0  startup_stm32f103xg.o(.text)
    DMA1_Channel1_IRQHandler                 0x08000163   Thumb Code     0  startup_stm32f103xg.o(.text)
    DMA1_Channel2_IRQHandler                 0x08000163   Thumb Code     0  startup_stm32f103xg.o(.text)
    DMA1_Channel3_IRQHandler                 0x08000163   Thumb Code     0  startup_stm32f103xg.o(.text)
    DMA1_Channel4_IRQHandler                 0x08000163   Thumb Code     0  startup_stm32f103xg.o(.text)
    DMA1_Channel5_IRQHandler                 0x08000163   Thumb Code     0  startup_stm32f103xg.o(.text)
    DMA1_Channel6_IRQHandler                 0x08000163   Thumb Code     0  startup_stm32f103xg.o(.text)
    DMA1_Channel7_IRQHandler                 0x08000163   Thumb Code     0  startup_stm32f103xg.o(.text)
    DMA2_Channel1_IRQHandler                 0x08000163   Thumb Code     0  startup_stm32f103xg.o(.text)
    DMA2_Channel2_IRQHandler                 0x08000163   Thumb Code     0  startup_stm32f103xg.o(.text)
    DMA2_Channel3_IRQHandler                 0x08000163   Thumb Code     0  startup_stm32f103xg.o(.text)
    DMA2_Channel4_5_IRQHandler               0x08000163   Thumb Code     0  startup_stm32f103xg.o(.text)
    EXTI15_10_IRQHandler                     0x08000163   Thumb Code     0  startup_stm32f103xg.o(.text)
    EXTI1_IRQHandler                         0x08000163   Thumb Code     0  startup_stm32f103xg.o(.text)
    EXTI2_IRQHandler                         0x08000163   Thumb Code     0  startup_stm32f103xg.o(.text)
    EXTI3_IRQHandler                         0x08000163   Thumb Code     0  startup_stm32f103xg.o(.text)
    EXTI4_IRQHandler                         0x08000163   Thumb Code     0  startup_stm32f103xg.o(.text)
    EXTI9_5_IRQHandler                       0x08000163   Thumb Code     0  startup_stm32f103xg.o(.text)
    FLASH_IRQHandler                         0x08000163   Thumb Code     0  startup_stm32f103xg.o(.text)
    FSMC_IRQHandler                          0x08000163   Thumb Code     0  startup_stm32f103xg.o(.text)
    I2C1_ER_IRQHandler                       0x08000163   Thumb Code     0  startup_stm32f103xg.o(.text)
    I2C1_EV_IRQHandler                       0x08000163   Thumb Code     0  startup_stm32f103xg.o(.text)
    I2C2_ER_IRQHandler                       0x08000163   Thumb Code     0  startup_stm32f103xg.o(.text)
    I2C2_EV_IRQHandler                       0x08000163   Thumb Code     0  startup_stm32f103xg.o(.text)
    PVD_IRQHandler                           0x08000163   Thumb Code     0  startup_stm32f103xg.o(.text)
    RCC_IRQHandler                           0x08000163   Thumb Code     0  startup_stm32f103xg.o(.text)
    RTC_Alarm_IRQHandler                     0x08000163   Thumb Code     0  startup_stm32f103xg.o(.text)
    RTC_IRQHandler                           0x08000163   Thumb Code     0  startup_stm32f103xg.o(.text)
    SDIO_IRQHandler                          0x08000163   Thumb Code     0  startup_stm32f103xg.o(.text)
    SPI1_IRQHandler                          0x08000163   Thumb Code     0  startup_stm32f103xg.o(.text)
    SPI2_IRQHandler                          0x08000163   Thumb Code     0  startup_stm32f103xg.o(.text)
    SPI3_IRQHandler                          0x08000163   Thumb Code     0  startup_stm32f103xg.o(.text)
    TAMPER_IRQHandler                        0x08000163   Thumb Code     0  startup_stm32f103xg.o(.text)
    TIM1_BRK_TIM9_IRQHandler                 0x08000163   Thumb Code     0  startup_stm32f103xg.o(.text)
    TIM1_CC_IRQHandler                       0x08000163   Thumb Code     0  startup_stm32f103xg.o(.text)
    TIM1_TRG_COM_TIM11_IRQHandler            0x08000163   Thumb Code     0  startup_stm32f103xg.o(.text)
    TIM1_UP_TIM10_IRQHandler                 0x08000163   Thumb Code     0  startup_stm32f103xg.o(.text)
    TIM2_IRQHandler                          0x08000163   Thumb Code     0  startup_stm32f103xg.o(.text)
    TIM4_IRQHandler                          0x08000163   Thumb Code     0  startup_stm32f103xg.o(.text)
    TIM5_IRQHandler                          0x08000163   Thumb Code     0  startup_stm32f103xg.o(.text)
    TIM6_IRQHandler                          0x08000163   Thumb Code     0  startup_stm32f103xg.o(.text)
    TIM7_IRQHandler                          0x08000163   Thumb Code     0  startup_stm32f103xg.o(.text)
    TIM8_BRK_TIM12_IRQHandler                0x08000163   Thumb Code     0  startup_stm32f103xg.o(.text)
    TIM8_CC_IRQHandler                       0x08000163   Thumb Code     0  startup_stm32f103xg.o(.text)
    TIM8_TRG_COM_TIM14_IRQHandler            0x08000163   Thumb Code     0  startup_stm32f103xg.o(.text)
    TIM8_UP_TIM13_IRQHandler                 0x08000163   Thumb Code     0  startup_stm32f103xg.o(.text)
    UART4_IRQHandler                         0x08000163   Thumb Code     0  startup_stm32f103xg.o(.text)
    UART5_IRQHandler                         0x08000163   Thumb Code     0  startup_stm32f103xg.o(.text)
    USART2_IRQHandler                        0x08000163   Thumb Code     0  startup_stm32f103xg.o(.text)
    USART3_IRQHandler                        0x08000163   Thumb Code     0  startup_stm32f103xg.o(.text)
    USBWakeUp_IRQHandler                     0x08000163   Thumb Code     0  startup_stm32f103xg.o(.text)
    USB_HP_CAN1_TX_IRQHandler                0x08000163   Thumb Code     0  startup_stm32f103xg.o(.text)
    USB_LP_CAN1_RX0_IRQHandler               0x08000163   Thumb Code     0  startup_stm32f103xg.o(.text)
    WWDG_IRQHandler                          0x08000163   Thumb Code     0  startup_stm32f103xg.o(.text)
    __aeabi_memcpy                           0x0800016d   Thumb Code    36  memcpya.o(.text)
    __aeabi_memcpy4                          0x0800016d   Thumb Code     0  memcpya.o(.text)
    __aeabi_memcpy8                          0x0800016d   Thumb Code     0  memcpya.o(.text)
    __scatterload                            0x08000191   Thumb Code    28  init.o(.text)
    __scatterload_rt2                        0x08000191   Thumb Code     0  init.o(.text)
    BusFault_Handler                         0x080001b5   Thumb Code     4  stm32f1xx_it.o(i.BusFault_Handler)
    DebugMon_Handler                         0x080001b9   Thumb Code     2  stm32f1xx_it.o(i.DebugMon_Handler)
    EXTI0_IRQHandler                         0x080001bd   Thumb Code    46  exti.o(i.EXTI0_IRQHandler)
    EnterCriticalSection                     0x080001f9   Thumb Code     4  port.o(i.EnterCriticalSection)
    ExitCriticalSection                      0x080001fd   Thumb Code     4  port.o(i.ExitCriticalSection)
    HAL_Delay                                0x08000201   Thumb Code    26  stm32f1xx_hal.o(i.HAL_Delay)
    HAL_GPIO_EXTI_Callback                   0x0800021b   Thumb Code     2  stm32f1xx_hal_gpio.o(i.HAL_GPIO_EXTI_Callback)
    HAL_GPIO_Init                            0x0800021d   Thumb Code   764  stm32f1xx_hal_gpio.o(i.HAL_GPIO_Init)
    HAL_GPIO_ReadPin                         0x08000539   Thumb Code    16  stm32f1xx_hal_gpio.o(i.HAL_GPIO_ReadPin)
    HAL_GPIO_WritePin                        0x08000549   Thumb Code    12  stm32f1xx_hal_gpio.o(i.HAL_GPIO_WritePin)
    HAL_GetTick                              0x08000555   Thumb Code     6  stm32f1xx_hal.o(i.HAL_GetTick)
    HAL_IncTick                              0x08000561   Thumb Code    12  stm32f1xx_hal.o(i.HAL_IncTick)
    HAL_Init                                 0x08000571   Thumb Code    34  stm32f1xx_hal.o(i.HAL_Init)
    HAL_InitTick                             0x08000599   Thumb Code    36  stm32f1xx_hal.o(i.HAL_InitTick)
    HAL_MspInit                              0x080005bd   Thumb Code    94  stm32f1xx_hal_msp.o(i.HAL_MspInit)
    HAL_NVIC_EnableIRQ                       0x08000621   Thumb Code    26  stm32f1xx_hal_cortex.o(i.HAL_NVIC_EnableIRQ)
    HAL_NVIC_SetPriority                     0x0800063b   Thumb Code   124  stm32f1xx_hal_cortex.o(i.HAL_NVIC_SetPriority)
    HAL_NVIC_SetPriorityGrouping             0x080006b9   Thumb Code    32  stm32f1xx_hal_cortex.o(i.HAL_NVIC_SetPriorityGrouping)
    HAL_RCCEx_PeriphCLKConfig                0x080006e1   Thumb Code   360  stm32f1xx_hal_rcc_ex.o(i.HAL_RCCEx_PeriphCLKConfig)
    HAL_RCC_ClockConfig                      0x08000855   Thumb Code  1072  stm32f1xx_hal_rcc.o(i.HAL_RCC_ClockConfig)
    HAL_RCC_GetHCLKFreq                      0x08000c89   Thumb Code    42  stm32f1xx_hal_rcc.o(i.HAL_RCC_GetHCLKFreq)
    HAL_RCC_GetPCLK1Freq                     0x08000cc1   Thumb Code    36  stm32f1xx_hal_rcc.o(i.HAL_RCC_GetPCLK1Freq)
    HAL_RCC_GetPCLK2Freq                     0x08000ced   Thumb Code    36  stm32f1xx_hal_rcc.o(i.HAL_RCC_GetPCLK2Freq)
    HAL_RCC_GetSysClockFreq                  0x08000d19   Thumb Code   146  stm32f1xx_hal_rcc.o(i.HAL_RCC_GetSysClockFreq)
    HAL_RCC_OscConfig                        0x08000dcd   Thumb Code  2432  stm32f1xx_hal_rcc.o(i.HAL_RCC_OscConfig)
    HAL_SYSTICK_Callback                     0x08001755   Thumb Code     8  irq_callback.o(i.HAL_SYSTICK_Callback)
    HAL_SYSTICK_Config                       0x0800175d   Thumb Code    52  stm32f1xx_hal_cortex.o(i.HAL_SYSTICK_Config)
    HAL_SYSTICK_IRQHandler                   0x08001791   Thumb Code     8  stm32f1xx_hal_cortex.o(i.HAL_SYSTICK_IRQHandler)
    HAL_TIMEx_BreakCallback                  0x08001799   Thumb Code     2  stm32f1xx_hal_tim_ex.o(i.HAL_TIMEx_BreakCallback)
    HAL_TIMEx_CommutationCallback            0x0800179b   Thumb Code     2  stm32f1xx_hal_tim_ex.o(i.HAL_TIMEx_CommutationCallback)
    HAL_TIMEx_MasterConfigSynchronization    0x0800179d   Thumb Code    98  stm32f1xx_hal_tim_ex.o(i.HAL_TIMEx_MasterConfigSynchronization)
    HAL_TIM_Base_Init                        0x080017ff   Thumb Code    52  stm32f1xx_hal_tim.o(i.HAL_TIM_Base_Init)
    HAL_TIM_Base_MspInit                     0x08001835   Thumb Code    58  tim.o(i.HAL_TIM_Base_MspInit)
    HAL_TIM_Base_Start_IT                    0x08001879   Thumb Code    30  stm32f1xx_hal_tim.o(i.HAL_TIM_Base_Start_IT)
    HAL_TIM_Base_Stop_IT                     0x08001897   Thumb Code    56  stm32f1xx_hal_tim.o(i.HAL_TIM_Base_Stop_IT)
    HAL_TIM_ConfigClockSource                0x080018cf   Thumb Code   306  stm32f1xx_hal_tim.o(i.HAL_TIM_ConfigClockSource)
    HAL_TIM_IC_CaptureCallback               0x08001a01   Thumb Code     2  stm32f1xx_hal_tim.o(i.HAL_TIM_IC_CaptureCallback)
    HAL_TIM_IRQHandler                       0x08001a03   Thumb Code   406  stm32f1xx_hal_tim.o(i.HAL_TIM_IRQHandler)
    HAL_TIM_OC_DelayElapsedCallback          0x08001b99   Thumb Code     2  stm32f1xx_hal_tim.o(i.HAL_TIM_OC_DelayElapsedCallback)
    HAL_TIM_PWM_PulseFinishedCallback        0x08001b9b   Thumb Code     2  stm32f1xx_hal_tim.o(i.HAL_TIM_PWM_PulseFinishedCallback)
    HAL_TIM_PeriodElapsedCallback            0x08001b9d   Thumb Code    12  irq_callback.o(i.HAL_TIM_PeriodElapsedCallback)
    HAL_TIM_TriggerCallback                  0x08001bad   Thumb Code     2  stm32f1xx_hal_tim.o(i.HAL_TIM_TriggerCallback)
    HAL_UART_ErrorCallback                   0x08001baf   Thumb Code     2  stm32f1xx_hal_uart.o(i.HAL_UART_ErrorCallback)
    HAL_UART_IRQHandler                      0x08001bb1   Thumb Code   218  stm32f1xx_hal_uart.o(i.HAL_UART_IRQHandler)
    HAL_UART_Init                            0x08001c8b   Thumb Code   110  stm32f1xx_hal_uart.o(i.HAL_UART_Init)
    HAL_UART_MspInit                         0x08001cf9   Thumb Code   102  usart.o(i.HAL_UART_MspInit)
    HAL_UART_RxCpltCallback                  0x08001d6d   Thumb Code     2  stm32f1xx_hal_uart.o(i.HAL_UART_RxCpltCallback)
    HAL_UART_Transmit                        0x08001d6f   Thumb Code   240  stm32f1xx_hal_uart.o(i.HAL_UART_Transmit)
    HAL_UART_TxCpltCallback                  0x08001e5f   Thumb Code     2  stm32f1xx_hal_uart.o(i.HAL_UART_TxCpltCallback)
    HardFault_Handler                        0x08001e61   Thumb Code     4  stm32f1xx_it.o(i.HardFault_Handler)
    MX_GPIO_Init                             0x08001e65   Thumb Code   126  gpio.o(i.MX_GPIO_Init)
    MX_TIM3_Init                             0x08001ef1   Thumb Code    90  tim.o(i.MX_TIM3_Init)
    MX_USART1_UART_Init                      0x08001f65   Thumb Code    58  usart.o(i.MX_USART1_UART_Init)
    MemManage_Handler                        0x08001fb9   Thumb Code     4  stm32f1xx_it.o(i.MemManage_Handler)
    NMI_Handler                              0x08001fbd   Thumb Code     2  stm32f1xx_it.o(i.NMI_Handler)
    PendSV_Handler                           0x08001ff9   Thumb Code     2  stm32f1xx_it.o(i.PendSV_Handler)
    SVC_Handler                              0x08001ffb   Thumb Code     2  stm32f1xx_it.o(i.SVC_Handler)
    SysTick_Handler                          0x08001ffd   Thumb Code    12  stm32f1xx_it.o(i.SysTick_Handler)
    SystemClock_Config                       0x08002009   Thumb Code    94  main.o(i.SystemClock_Config)
    SystemInit                               0x08002069   Thumb Code    70  system_stm32f1xx.o(i.SystemInit)
    TIM3_IRQHandler                          0x080020c1   Thumb Code    10  stm32f1xx_it.o(i.TIM3_IRQHandler)
    TIM_Base_SetConfig                       0x080020d1   Thumb Code    94  stm32f1xx_hal_tim.o(i.TIM_Base_SetConfig)
    UART                                     0x080021c1   Thumb Code   174  main.o(i.UART)
    USART1_IRQHandler                        0x08002611   Thumb Code    98  stm32f1xx_it.o(i.USART1_IRQHandler)
    UsageFault_Handler                       0x08002681   Thumb Code     4  stm32f1xx_it.o(i.UsageFault_Handler)
    _Error_Handler                           0x08002685   Thumb Code     4  main.o(i._Error_Handler)
    __scatterload_copy                       0x08002689   Thumb Code    14  handlers.o(i.__scatterload_copy)
    __scatterload_null                       0x08002697   Thumb Code     2  handlers.o(i.__scatterload_null)
    __scatterload_zeroinit                   0x08002699   Thumb Code    14  handlers.o(i.__scatterload_zeroinit)
    bsp_init                                 0x080026a9   Thumb Code    40  bsp.o(i.bsp_init)
    delay                                    0x080026dd   Thumb Code    32  sys.o(i.delay)
    digitalWrite                             0x080026fd   Thumb Code    36  sys.o(i.digitalWrite)
    eMBEnable                                0x08002725   Thumb Code    32  mb.o(i.eMBEnable)
    eMBFuncReadCoils                         0x0800274d   Thumb Code   174  mbfunccoils.o(i.eMBFuncReadCoils)
    eMBFuncReadDiscreteInputs                0x080027fb   Thumb Code   172  mbfuncdisc.o(i.eMBFuncReadDiscreteInputs)
    eMBFuncReadHoldingRegister               0x080028a7   Thumb Code   142  mbfuncholding.o(i.eMBFuncReadHoldingRegister)
    eMBFuncReadInputRegister                 0x08002935   Thumb Code   140  mbfuncinput.o(i.eMBFuncReadInputRegister)
    eMBFuncReadWriteMultipleHoldingRegister  0x080029c1   Thumb Code   212  mbfuncholding.o(i.eMBFuncReadWriteMultipleHoldingRegister)
    eMBFuncReportSlaveID                     0x08002a95   Thumb Code    30  mbfuncother.o(i.eMBFuncReportSlaveID)
    eMBFuncWriteCoil                         0x08002abd   Thumb Code   112  mbfunccoils.o(i.eMBFuncWriteCoil)
    eMBFuncWriteHoldingRegister              0x08002b2d   Thumb Code    66  mbfuncholding.o(i.eMBFuncWriteHoldingRegister)
    eMBFuncWriteMultipleCoils                0x08002b6f   Thumb Code   144  mbfunccoils.o(i.eMBFuncWriteMultipleCoils)
    eMBFuncWriteMultipleHoldingRegister      0x08002bff   Thumb Code   110  mbfuncholding.o(i.eMBFuncWriteMultipleHoldingRegister)
    eMBInit                                  0x08002c6d   Thumb Code   150  mb.o(i.eMBInit)
    eMBPoll                                  0x08002d4d   Thumb Code   260  mb.o(i.eMBPoll)
    eMBRTUInit                               0x08002e79   Thumb Code    84  mbrtu.o(i.eMBRTUInit)
    eMBRTUReceive                            0x08002ed1   Thumb Code    70  mbrtu.o(i.eMBRTUReceive)
    eMBRTUSend                               0x08002f21   Thumb Code   124  mbrtu.o(i.eMBRTUSend)
    eMBRTUStart                              0x08002fb1   Thumb Code    30  mbrtu.o(i.eMBRTUStart)
    eMBRTUStop                               0x08002fd5   Thumb Code    24  mbrtu.o(i.eMBRTUStop)
    eMBRegCoilsCB                            0x08002fed   Thumb Code   300  user_mb_app.o(i.eMBRegCoilsCB)
    eMBRegDiscreteCB                         0x08003121   Thumb Code   190  user_mb_app.o(i.eMBRegDiscreteCB)
    eMBRegHoldingCB                          0x080031e9   Thumb Code   172  user_mb_app.o(i.eMBRegHoldingCB)
    eMBRegInputCB                            0x0800329d   Thumb Code   104  user_mb_app.o(i.eMBRegInputCB)
    main                                     0x0800330d   Thumb Code   136  main.o(i.main)
    millis                                   0x08003399   Thumb Code     8  sys.o(i.millis)
    pinMode                                  0x080033a1   Thumb Code   370  sys.o(i.pinMode)
    prveMBError2Exception                    0x08003529   Thumb Code    34  mbutils.o(i.prveMBError2Exception)
    usMBCRC16                                0x0800354d   Thumb Code    48  mbcrc.o(i.usMBCRC16)
    vMBPortSerialEnable                      0x08003585   Thumb Code   102  portserial.o(i.vMBPortSerialEnable)
    vMBPortTimersDisable                     0x080035f5   Thumb Code    10  porttimer.o(i.vMBPortTimersDisable)
    vMBPortTimersEnable                      0x08003605   Thumb Code    26  porttimer.o(i.vMBPortTimersEnable)
    xMBPortEventGet                          0x08003625   Thumb Code    26  portevent.o(i.xMBPortEventGet)
    xMBPortEventInit                         0x08003649   Thumb Code    10  portevent.o(i.xMBPortEventInit)
    xMBPortEventPost                         0x08003659   Thumb Code    16  portevent.o(i.xMBPortEventPost)
    xMBPortSerialGetByte                     0x08003671   Thumb Code    14  portserial.o(i.xMBPortSerialGetByte)
    xMBPortSerialInit                        0x08003685   Thumb Code     8  portserial.o(i.xMBPortSerialInit)
    xMBPortSerialPutByte                     0x0800368d   Thumb Code    24  portserial.o(i.xMBPortSerialPutByte)
    xMBPortTimersInit                        0x080036a9   Thumb Code    56  porttimer.o(i.xMBPortTimersInit)
    xMBRTUReceiveFSM                         0x0800371d   Thumb Code   122  mbrtu.o(i.xMBRTUReceiveFSM)
    xMBRTUTimerT35Expired                    0x080037a5   Thumb Code    60  mbrtu.o(i.xMBRTUTimerT35Expired)
    xMBRTUTransmitFSM                        0x080037e5   Thumb Code    94  mbrtu.o(i.xMBRTUTransmitFSM)
    xMBUtilGetBits                           0x08003851   Thumb Code    42  mbutils.o(i.xMBUtilGetBits)
    xMBUtilSetBits                           0x0800387b   Thumb Code    96  mbutils.o(i.xMBUtilSetBits)
    yield                                    0x080038db   Thumb Code     2  sys.o(i.yield)
    aAPBAHBPrescTable                        0x080038dc   Data          16  stm32f1xx_hal_rcc.o(.constdata)
    g_APinDescription                        0x080038ec   Data        1920  sys.o(.constdata)
    Region$$Table$$Base                      0x0800426c   Number         0  anon$$obj.o(Region$$Table)
    Region$$Table$$Limit                     0x0800428c   Number         0  anon$$obj.o(Region$$Table)
    system_init                              0x20000004   Data           1  bsp.o(.data)
    pxMBFrameCBByteReceived                  0x2000002c   Data           4  mb.o(.data)
    pxMBFrameCBTransmitterEmpty              0x20000030   Data           4  mb.o(.data)
    pxMBPortCBTimerExpired                   0x20000034   Data           4  mb.o(.data)
    pxMBFrameCBReceiveFSMCur                 0x20000038   Data           4  mb.o(.data)
    pxMBFrameCBTransmitFSMCur                0x2000003c   Data           4  mb.o(.data)
    usSDiscInStart                           0x200000ca   Data           2  user_mb_app.o(.data)
    ucSDiscInBuf                             0x200000cc   Data           2  user_mb_app.o(.data)
    usSCoilStart                             0x200000ce   Data           2  user_mb_app.o(.data)
    ucSCoilBuf                               0x200000d0   Data           8  user_mb_app.o(.data)
    usSRegInStart                            0x200000d8   Data           2  user_mb_app.o(.data)
    usSRegHoldStart                          0x200000da   Data           2  user_mb_app.o(.data)
    SystemCoreClock                          0x200000e0   Data           4  system_stm32f1xx.o(.data)
    htim3                                    0x200000e4   Data          60  tim.o(.bss)
    huart1                                   0x20000120   Data          64  usart.o(.bss)
    ucRTUBuf                                 0x20000180   Data         256  mbrtu.o(.bss)
    usSRegInBuf                              0x20000280   Data         200  user_mb_app.o(.bss)
    usSRegHoldBuf                            0x20000348   Data         200  user_mb_app.o(.bss)
    UartHandle                               0x20000410   Data          64  main.o(.bss)
    __initial_sp                             0x20000850   Data           0  startup_stm32f103xg.o(STACK)



==============================================================================

Memory Map of the image

  Image Entry point : 0x08000131

  Load Region LR_IROM1 (Base: 0x08000000, Size: 0x00004370, Max: 0x00010000, ABSOLUTE)

    Execution Region ER_IROM1 (Exec base: 0x08000000, Load base: 0x08000000, Size: 0x0000428c, Max: 0x00010000, ABSOLUTE)

    Exec Addr    Load Addr    Size         Type   Attr      Idx    E Section Name        Object

    0x08000000   0x08000000   0x00000130   Data   RO            3    RESET               startup_stm32f103xg.o
    0x08000130   0x08000130   0x00000000   Code   RO         3495  * .ARM.Collect$$$$00000000  mc_w.l(entry.o)
    0x08000130   0x08000130   0x00000004   Code   RO         3508    .ARM.Collect$$$$00000001  mc_w.l(entry2.o)
    0x08000134   0x08000134   0x00000004   Code   RO         3511    .ARM.Collect$$$$00000004  mc_w.l(entry5.o)
    0x08000138   0x08000138   0x00000000   Code   RO         3513    .ARM.Collect$$$$00000008  mc_w.l(entry7b.o)
    0x08000138   0x08000138   0x00000000   Code   RO         3515    .ARM.Collect$$$$0000000A  mc_w.l(entry8b.o)
    0x08000138   0x08000138   0x00000008   Code   RO         3516    .ARM.Collect$$$$0000000B  mc_w.l(entry9a.o)
    0x08000140   0x08000140   0x00000004   Code   RO         3523    .ARM.Collect$$$$0000000E  mc_w.l(entry12b.o)
    0x08000144   0x08000144   0x00000000   Code   RO         3518    .ARM.Collect$$$$0000000F  mc_w.l(entry10a.o)
    0x08000144   0x08000144   0x00000000   Code   RO         3520    .ARM.Collect$$$$00000011  mc_w.l(entry11a.o)
    0x08000144   0x08000144   0x00000004   Code   RO         3509    .ARM.Collect$$$$00002712  mc_w.l(entry2.o)
    0x08000148   0x08000148   0x00000024   Code   RO            4    .text               startup_stm32f103xg.o
    0x0800016c   0x0800016c   0x00000024   Code   RO         3500    .text               mc_w.l(memcpya.o)
    0x08000190   0x08000190   0x00000024   Code   RO         3525    .text               mc_w.l(init.o)
    0x080001b4   0x080001b4   0x00000004   Code   RO         3371    i.BusFault_Handler  stm32f1xx_it.o
    0x080001b8   0x080001b8   0x00000002   Code   RO         3372    i.DebugMon_Handler  stm32f1xx_it.o
    0x080001ba   0x080001ba   0x00000002   PAD
    0x080001bc   0x080001bc   0x0000003c   Code   RO         2094    i.EXTI0_IRQHandler  exti.o
    0x080001f8   0x080001f8   0x00000004   Code   RO         3086    i.EnterCriticalSection  port.o
    0x080001fc   0x080001fc   0x00000004   Code   RO         3087    i.ExitCriticalSection  port.o
    0x08000200   0x08000200   0x0000001a   Code   RO           20    i.HAL_Delay         stm32f1xx_hal.o
    0x0800021a   0x0800021a   0x00000002   Code   RO          570    i.HAL_GPIO_EXTI_Callback  stm32f1xx_hal_gpio.o
    0x0800021c   0x0800021c   0x0000031c   Code   RO          572    i.HAL_GPIO_Init     stm32f1xx_hal_gpio.o
    0x08000538   0x08000538   0x00000010   Code   RO          574    i.HAL_GPIO_ReadPin  stm32f1xx_hal_gpio.o
    0x08000548   0x08000548   0x0000000c   Code   RO          576    i.HAL_GPIO_WritePin  stm32f1xx_hal_gpio.o
    0x08000554   0x08000554   0x0000000c   Code   RO           24    i.HAL_GetTick       stm32f1xx_hal.o
    0x08000560   0x08000560   0x00000010   Code   RO           25    i.HAL_IncTick       stm32f1xx_hal.o
    0x08000570   0x08000570   0x00000028   Code   RO           26    i.HAL_Init          stm32f1xx_hal.o
    0x08000598   0x08000598   0x00000024   Code   RO           27    i.HAL_InitTick      stm32f1xx_hal.o
    0x080005bc   0x080005bc   0x00000064   Code   RO         3347    i.HAL_MspInit       stm32f1xx_hal_msp.o
    0x08000620   0x08000620   0x0000001a   Code   RO          240    i.HAL_NVIC_EnableIRQ  stm32f1xx_hal_cortex.o
    0x0800063a   0x0800063a   0x0000007c   Code   RO          246    i.HAL_NVIC_SetPriority  stm32f1xx_hal_cortex.o
    0x080006b6   0x080006b6   0x00000002   PAD
    0x080006b8   0x080006b8   0x00000028   Code   RO          247    i.HAL_NVIC_SetPriorityGrouping  stm32f1xx_hal_cortex.o
    0x080006e0   0x080006e0   0x00000174   Code   RO          867    i.HAL_RCCEx_PeriphCLKConfig  stm32f1xx_hal_rcc_ex.o
    0x08000854   0x08000854   0x00000434   Code   RO          761    i.HAL_RCC_ClockConfig  stm32f1xx_hal_rcc.o
    0x08000c88   0x08000c88   0x00000038   Code   RO          766    i.HAL_RCC_GetHCLKFreq  stm32f1xx_hal_rcc.o
    0x08000cc0   0x08000cc0   0x0000002c   Code   RO          768    i.HAL_RCC_GetPCLK1Freq  stm32f1xx_hal_rcc.o
    0x08000cec   0x08000cec   0x0000002c   Code   RO          769    i.HAL_RCC_GetPCLK2Freq  stm32f1xx_hal_rcc.o
    0x08000d18   0x08000d18   0x000000b4   Code   RO          770    i.HAL_RCC_GetSysClockFreq  stm32f1xx_hal_rcc.o
    0x08000dcc   0x08000dcc   0x00000988   Code   RO          773    i.HAL_RCC_OscConfig  stm32f1xx_hal_rcc.o
    0x08001754   0x08001754   0x00000008   Code   RO         2199    i.HAL_SYSTICK_Callback  irq_callback.o
    0x0800175c   0x0800175c   0x00000034   Code   RO          251    i.HAL_SYSTICK_Config  stm32f1xx_hal_cortex.o
    0x08001790   0x08001790   0x00000008   Code   RO          252    i.HAL_SYSTICK_IRQHandler  stm32f1xx_hal_cortex.o
    0x08001798   0x08001798   0x00000002   Code   RO         1861    i.HAL_TIMEx_BreakCallback  stm32f1xx_hal_tim_ex.o
    0x0800179a   0x0800179a   0x00000002   Code   RO         1862    i.HAL_TIMEx_CommutationCallback  stm32f1xx_hal_tim_ex.o
    0x0800179c   0x0800179c   0x00000062   Code   RO         1878    i.HAL_TIMEx_MasterConfigSynchronization  stm32f1xx_hal_tim_ex.o
    0x080017fe   0x080017fe   0x00000034   Code   RO         1222    i.HAL_TIM_Base_Init  stm32f1xx_hal_tim.o
    0x08001832   0x08001832   0x00000002   PAD
    0x08001834   0x08001834   0x00000044   Code   RO         2255    i.HAL_TIM_Base_MspInit  tim.o
    0x08001878   0x08001878   0x0000001e   Code   RO         1227    i.HAL_TIM_Base_Start_IT  stm32f1xx_hal_tim.o
    0x08001896   0x08001896   0x00000038   Code   RO         1230    i.HAL_TIM_Base_Stop_IT  stm32f1xx_hal_tim.o
    0x080018ce   0x080018ce   0x00000132   Code   RO         1231    i.HAL_TIM_ConfigClockSource  stm32f1xx_hal_tim.o
    0x08001a00   0x08001a00   0x00000002   Code   RO         1251    i.HAL_TIM_IC_CaptureCallback  stm32f1xx_hal_tim.o
    0x08001a02   0x08001a02   0x00000196   Code   RO         1264    i.HAL_TIM_IRQHandler  stm32f1xx_hal_tim.o
    0x08001b98   0x08001b98   0x00000002   Code   RO         1267    i.HAL_TIM_OC_DelayElapsedCallback  stm32f1xx_hal_tim.o
    0x08001b9a   0x08001b9a   0x00000002   Code   RO         1294    i.HAL_TIM_PWM_PulseFinishedCallback  stm32f1xx_hal_tim.o
    0x08001b9c   0x08001b9c   0x00000010   Code   RO         2200    i.HAL_TIM_PeriodElapsedCallback  irq_callback.o
    0x08001bac   0x08001bac   0x00000002   Code   RO         1305    i.HAL_TIM_TriggerCallback  stm32f1xx_hal_tim.o
    0x08001bae   0x08001bae   0x00000002   Code   RO          990    i.HAL_UART_ErrorCallback  stm32f1xx_hal_uart.o
    0x08001bb0   0x08001bb0   0x000000da   Code   RO          993    i.HAL_UART_IRQHandler  stm32f1xx_hal_uart.o
    0x08001c8a   0x08001c8a   0x0000006e   Code   RO          994    i.HAL_UART_Init     stm32f1xx_hal_uart.o
    0x08001cf8   0x08001cf8   0x00000074   Code   RO         2297    i.HAL_UART_MspInit  usart.o
    0x08001d6c   0x08001d6c   0x00000002   Code   RO         1000    i.HAL_UART_RxCpltCallback  stm32f1xx_hal_uart.o
    0x08001d6e   0x08001d6e   0x000000f0   Code   RO         1002    i.HAL_UART_Transmit  stm32f1xx_hal_uart.o
    0x08001e5e   0x08001e5e   0x00000002   Code   RO         1005    i.HAL_UART_TxCpltCallback  stm32f1xx_hal_uart.o
    0x08001e60   0x08001e60   0x00000004   Code   RO         3373    i.HardFault_Handler  stm32f1xx_it.o
    0x08001e64   0x08001e64   0x0000008c   Code   RO         2169    i.MX_GPIO_Init      gpio.o
    0x08001ef0   0x08001ef0   0x00000074   Code   RO         2256    i.MX_TIM3_Init      tim.o
    0x08001f64   0x08001f64   0x00000054   Code   RO         2298    i.MX_USART1_UART_Init  usart.o
    0x08001fb8   0x08001fb8   0x00000004   Code   RO         3374    i.MemManage_Handler  stm32f1xx_it.o
    0x08001fbc   0x08001fbc   0x00000002   Code   RO         3375    i.NMI_Handler       stm32f1xx_it.o
    0x08001fbe   0x08001fbe   0x00000002   PAD
    0x08001fc0   0x08001fc0   0x00000010   Code   RO          253    i.NVIC_GetPriorityGrouping  stm32f1xx_hal_cortex.o
    0x08001fd0   0x08001fd0   0x00000028   Code   RO          254    i.NVIC_SetPriority  stm32f1xx_hal_cortex.o
    0x08001ff8   0x08001ff8   0x00000002   Code   RO         3376    i.PendSV_Handler    stm32f1xx_it.o
    0x08001ffa   0x08001ffa   0x00000002   Code   RO         3377    i.SVC_Handler       stm32f1xx_it.o
    0x08001ffc   0x08001ffc   0x0000000c   Code   RO         3378    i.SysTick_Handler   stm32f1xx_it.o
    0x08002008   0x08002008   0x0000005e   Code   RO         3294    i.SystemClock_Config  main.o
    0x08002066   0x08002066   0x00000002   PAD
    0x08002068   0x08002068   0x00000058   Code   RO         3460    i.SystemInit        system_stm32f1xx.o
    0x080020c0   0x080020c0   0x00000010   Code   RO         3379    i.TIM3_IRQHandler   stm32f1xx_it.o
    0x080020d0   0x080020d0   0x0000006c   Code   RO         1306    i.TIM_Base_SetConfig  stm32f1xx_hal_tim.o
    0x0800213c   0x0800213c   0x00000018   Code   RO         1313    i.TIM_ETR_SetConfig  stm32f1xx_hal_tim.o
    0x08002154   0x08002154   0x00000014   Code   RO         1314    i.TIM_ITRx_SetConfig  stm32f1xx_hal_tim.o
    0x08002168   0x08002168   0x0000002a   Code   RO         1320    i.TIM_TI1_ConfigInputStage  stm32f1xx_hal_tim.o
    0x08002192   0x08002192   0x0000002c   Code   RO         1322    i.TIM_TI2_ConfigInputStage  stm32f1xx_hal_tim.o
    0x080021be   0x080021be   0x00000002   PAD
    0x080021c0   0x080021c0   0x000000d0   Code   RO         3295    i.UART              main.o
    0x08002290   0x08002290   0x00000030   Code   RO         1012    i.UART_EndTransmit_IT  stm32f1xx_hal_uart.o
    0x080022c0   0x080022c0   0x000000bc   Code   RO         1013    i.UART_Receive_IT   stm32f1xx_hal_uart.o
    0x0800237c   0x0800237c   0x00000128   Code   RO         1014    i.UART_SetConfig    stm32f1xx_hal_uart.o
    0x080024a4   0x080024a4   0x00000070   Code   RO         1015    i.UART_Transmit_IT  stm32f1xx_hal_uart.o
    0x08002514   0x08002514   0x000000fa   Code   RO         1016    i.UART_WaitOnFlagUntilTimeout  stm32f1xx_hal_uart.o
    0x0800260e   0x0800260e   0x00000002   PAD
    0x08002610   0x08002610   0x00000070   Code   RO         3380    i.USART1_IRQHandler  stm32f1xx_it.o
    0x08002680   0x08002680   0x00000004   Code   RO         3381    i.UsageFault_Handler  stm32f1xx_it.o
    0x08002684   0x08002684   0x00000004   Code   RO         3296    i._Error_Handler    main.o
    0x08002688   0x08002688   0x0000000e   Code   RO         3529    i.__scatterload_copy  mc_w.l(handlers.o)
    0x08002696   0x08002696   0x00000002   Code   RO         3530    i.__scatterload_null  mc_w.l(handlers.o)
    0x08002698   0x08002698   0x0000000e   Code   RO         3531    i.__scatterload_zeroinit  mc_w.l(handlers.o)
    0x080026a6   0x080026a6   0x00000002   PAD
    0x080026a8   0x080026a8   0x00000034   Code   RO         2136    i.bsp_init          bsp.o
    0x080026dc   0x080026dc   0x00000020   Code   RO         2339    i.delay             sys.o
    0x080026fc   0x080026fc   0x00000028   Code   RO         2342    i.digitalWrite      sys.o
    0x08002724   0x08002724   0x00000028   Code   RO         2842    i.eMBEnable         mb.o
    0x0800274c   0x0800274c   0x000000ae   Code   RO         2453    i.eMBFuncReadCoils  mbfunccoils.o
    0x080027fa   0x080027fa   0x000000ac   Code   RO         2510    i.eMBFuncReadDiscreteInputs  mbfuncdisc.o
    0x080028a6   0x080028a6   0x0000008e   Code   RO         2552    i.eMBFuncReadHoldingRegister  mbfuncholding.o
    0x08002934   0x08002934   0x0000008c   Code   RO         2612    i.eMBFuncReadInputRegister  mbfuncinput.o
    0x080029c0   0x080029c0   0x000000d4   Code   RO         2553    i.eMBFuncReadWriteMultipleHoldingRegister  mbfuncholding.o
    0x08002a94   0x08002a94   0x00000028   Code   RO         2654    i.eMBFuncReportSlaveID  mbfuncother.o
    0x08002abc   0x08002abc   0x00000070   Code   RO         2454    i.eMBFuncWriteCoil  mbfunccoils.o
    0x08002b2c   0x08002b2c   0x00000042   Code   RO         2554    i.eMBFuncWriteHoldingRegister  mbfuncholding.o
    0x08002b6e   0x08002b6e   0x00000090   Code   RO         2455    i.eMBFuncWriteMultipleCoils  mbfunccoils.o
    0x08002bfe   0x08002bfe   0x0000006e   Code   RO         2555    i.eMBFuncWriteMultipleHoldingRegister  mbfuncholding.o
    0x08002c6c   0x08002c6c   0x000000e0   Code   RO         2843    i.eMBInit           mb.o
    0x08002d4c   0x08002d4c   0x0000012c   Code   RO         2844    i.eMBPoll           mb.o
    0x08002e78   0x08002e78   0x00000058   Code   RO         2749    i.eMBRTUInit        mbrtu.o
    0x08002ed0   0x08002ed0   0x00000050   Code   RO         2750    i.eMBRTUReceive     mbrtu.o
    0x08002f20   0x08002f20   0x00000090   Code   RO         2751    i.eMBRTUSend        mbrtu.o
    0x08002fb0   0x08002fb0   0x00000024   Code   RO         2752    i.eMBRTUStart       mbrtu.o
    0x08002fd4   0x08002fd4   0x00000018   Code   RO         2753    i.eMBRTUStop        mbrtu.o
    0x08002fec   0x08002fec   0x00000134   Code   RO         2922    i.eMBRegCoilsCB     user_mb_app.o
    0x08003120   0x08003120   0x000000c8   Code   RO         2923    i.eMBRegDiscreteCB  user_mb_app.o
    0x080031e8   0x080031e8   0x000000b4   Code   RO         2924    i.eMBRegHoldingCB   user_mb_app.o
    0x0800329c   0x0800329c   0x00000070   Code   RO         2925    i.eMBRegInputCB     user_mb_app.o
    0x0800330c   0x0800330c   0x0000008c   Code   RO         3298    i.main              main.o
    0x08003398   0x08003398   0x00000008   Code   RO         2344    i.millis            sys.o
    0x080033a0   0x080033a0   0x00000188   Code   RO         2345    i.pinMode           sys.o
    0x08003528   0x08003528   0x00000022   Code   RO         2687    i.prveMBError2Exception  mbutils.o
    0x0800354a   0x0800354a   0x00000002   PAD
    0x0800354c   0x0800354c   0x00000038   Code   RO         2723    i.usMBCRC16         mbcrc.o
    0x08003584   0x08003584   0x00000070   Code   RO         3172    i.vMBPortSerialEnable  portserial.o
    0x080035f4   0x080035f4   0x00000010   Code   RO         3260    i.vMBPortTimersDisable  porttimer.o
    0x08003604   0x08003604   0x00000020   Code   RO         3254    i.vMBPortTimersEnable  porttimer.o
    0x08003624   0x08003624   0x00000024   Code   RO         3116    i.xMBPortEventGet   portevent.o
    0x08003648   0x08003648   0x00000010   Code   RO         3117    i.xMBPortEventInit  portevent.o
    0x08003658   0x08003658   0x00000018   Code   RO         3118    i.xMBPortEventPost  portevent.o
    0x08003670   0x08003670   0x00000014   Code   RO         3173    i.xMBPortSerialGetByte  portserial.o
    0x08003684   0x08003684   0x00000008   Code   RO         3174    i.xMBPortSerialInit  portserial.o
    0x0800368c   0x0800368c   0x0000001c   Code   RO         3175    i.xMBPortSerialPutByte  portserial.o
    0x080036a8   0x080036a8   0x00000074   Code   RO         3236    i.xMBPortTimersInit  porttimer.o
    0x0800371c   0x0800371c   0x00000088   Code   RO         2754    i.xMBRTUReceiveFSM  mbrtu.o
    0x080037a4   0x080037a4   0x00000040   Code   RO         2755    i.xMBRTUTimerT35Expired  mbrtu.o
    0x080037e4   0x080037e4   0x0000006c   Code   RO         2756    i.xMBRTUTransmitFSM  mbrtu.o
    0x08003850   0x08003850   0x0000002a   Code   RO         2688    i.xMBUtilGetBits    mbutils.o
    0x0800387a   0x0800387a   0x00000060   Code   RO         2689    i.xMBUtilSetBits    mbutils.o
    0x080038da   0x080038da   0x00000002   Code   RO         2346    i.yield             sys.o
    0x080038dc   0x080038dc   0x00000010   Data   RO          774    .constdata          stm32f1xx_hal_rcc.o
    0x080038ec   0x080038ec   0x00000780   Data   RO         2347    .constdata          sys.o
    0x0800406c   0x0800406c   0x00000200   Data   RO         2724    .constdata          mbcrc.o
    0x0800426c   0x0800426c   0x00000020   Data   RO         3527    Region$$Table       anon$$obj.o


    Execution Region RW_IRAM1 (Exec base: 0x20000000, Load base: 0x0800428c, Size: 0x00000850, Max: 0x00005000, ABSOLUTE)

    Exec Addr    Load Addr    Size         Type   Attr      Idx    E Section Name        Object

    0x20000000   0x0800428c   0x00000004   Data   RW           32    .data               stm32f1xx_hal.o
    0x20000004   0x08004290   0x00000001   Data   RW         2137    .data               bsp.o
    0x20000005   0x08004291   0x00000001   PAD
    0x20000006   0x08004292   0x00000002   Data   RW         2657    .data               mbfuncother.o
    0x20000008   0x08004294   0x0000000c   Data   RW         2758    .data               mbrtu.o
    0x20000014   0x080042a0   0x000000b5   Data   RW         2846    .data               mb.o
    0x200000c9   0x08004355   0x00000001   PAD
    0x200000ca   0x08004356   0x00000012   Data   RW         2927    .data               user_mb_app.o
    0x200000dc   0x08004368   0x00000002   Data   RW         3119    .data               portevent.o
    0x200000de   0x0800436a   0x00000002   PAD
    0x200000e0   0x0800436c   0x00000004   Data   RW         3462    .data               system_stm32f1xx.o
    0x200000e4        -       0x0000003c   Zero   RW         2257    .bss                tim.o
    0x20000120        -       0x00000040   Zero   RW         2299    .bss                usart.o
    0x20000160        -       0x00000020   Zero   RW         2656    .bss                mbfuncother.o
    0x20000180        -       0x00000100   Zero   RW         2757    .bss                mbrtu.o
    0x20000280        -       0x00000190   Zero   RW         2926    .bss                user_mb_app.o
    0x20000410        -       0x00000040   Zero   RW         3299    .bss                main.o
    0x20000450        -       0x00000400   Zero   RW            1    STACK               startup_stm32f103xg.o


==============================================================================

Image component sizes


      Code (inc. data)   RO Data    RW Data    ZI Data      Debug   Object Name

        52         12          0          1          0        637   bsp.o
        60         14          0          0          0       3895   exti.o
       140         14          0          0          0        839   gpio.o
        24          4          0          0          0       6769   irq_callback.o
       446         38          0          0         64       3282   main.o
       564        122          0        181          0       4927   mb.o
         0          0          0          0          0        600   mbascii.o
        56          8        512          0          0       1268   mbcrc.o
       430          0          0          0          0       3874   mbfunccoils.o
       172          0          0          0          0       1660   mbfuncdisc.o
       530          0          0          0          0       5127   mbfuncholding.o
       140          0          0          0          0       1611   mbfuncinput.o
        40         10          0          2         32       1447   mbfuncother.o
       680         72          0         12        256       6351   mbrtu.o
       172          0          0          0          0       2686   mbutils.o
         8          0          0          0          0        925   port.o
        76         24          0          2          0       2228   portevent.o
       168         20          0          0          0       2892   portserial.o
       164         72          0          0          0       1617   porttimer.o
        36          8        304          0       1024        916   startup_stm32f103xg.o
       130         16          0          4          0     257142   stm32f1xx_hal.o
       306         22          0          0          0      26716   stm32f1xx_hal_cortex.o
       826         32          0          0          0       3992   stm32f1xx_hal_gpio.o
       100          6          0          0          0        818   stm32f1xx_hal_msp.o
      3840        108         16          0          0       6188   stm32f1xx_hal_rcc.o
       372         12          0          0          0       1312   stm32f1xx_hal_rcc_ex.o
      1096         14          0          0          0       9538   stm32f1xx_hal_tim.o
       102          0          0          0          0       2230   stm32f1xx_hal_tim_ex.o
      1468          6          0          0          0       8095   stm32f1xx_hal_uart.o
       164         20          0          0          0       5379   stm32f1xx_it.o
       474         26       1920          0          0       3584   sys.o
        88         18          0          4          0       1077   system_stm32f1xx.o
       184         36          0          0         60       1562   tim.o
       200         40          0          0         64       1582   usart.o
       800         34          0         18        400       4763   user_mb_app.o

    ----------------------------------------------------------------------
     14124        808       2784        228       1900     387529   Object Totals
         0          0         32          0          0          0   (incl. Generated)
        16          0          0          4          0          0   (incl. Padding)

    ----------------------------------------------------------------------

      Code (inc. data)   RO Data    RW Data    ZI Data      Debug   Library Member Name

         0          0          0          0          0          0   entry.o
         0          0          0          0          0          0   entry10a.o
         0          0          0          0          0          0   entry11a.o
         4          0          0          0          0          0   entry12b.o
         8          4          0          0          0          0   entry2.o
         4          0          0          0          0          0   entry5.o
         0          0          0          0          0          0   entry7b.o
         0          0          0          0          0          0   entry8b.o
         8          4          0          0          0          0   entry9a.o
        30          0          0          0          0          0   handlers.o
        36          8          0          0          0         68   init.o
        36          0          0          0          0         68   memcpya.o

    ----------------------------------------------------------------------
       128         16          0          0          0        136   Library Totals
         2          0          0          0          0          0   (incl. Padding)

    ----------------------------------------------------------------------

      Code (inc. data)   RO Data    RW Data    ZI Data      Debug   Library Name

       126         16          0          0          0        136   mc_w.l

    ----------------------------------------------------------------------
       128         16          0          0          0        136   Library Totals

    ----------------------------------------------------------------------

==============================================================================


      Code (inc. data)   RO Data    RW Data    ZI Data      Debug   

     14252        824       2784        228       1900     381629   Grand Totals
     14252        824       2784        228       1900     381629   ELF Image Totals
     14252        824       2784        228          0          0   ROM Totals

==============================================================================

    Total RO  Size (Code + RO Data)                17036 (  16.64kB)
    Total RW  Size (RW Data + ZI Data)              2128 (   2.08kB)
    Total ROM Size (Code + RO Data + RW Data)      17264 (  16.86kB)

==============================================================================

